=====================================================================
== D:\Arma 3\steamapps\common\Arma 3 Server\arma3server.exe
== "D:\Arma 3\steamapps\common\Arma 3 Server\arma3server.exe"  -port=2302 "-config=D:\Arma 3\steamapps\common\Arma 3 Server\TADST\default\TADST_config.cfg" "-cfg=D:\Arma 3\steamapps\common\Arma 3 Server\TADST\default\TADST_basic.cfg" "-profiles=D:\Arma 3\steamapps\common\Arma 3 Server\TADST\default" -name=default "-mod=@CBA_A3;@infiSTAR_A3;@Jonzie Mega Mod Pack;@NSS Admin Console;@CUP Units;@CUP Vehicles;@CUP Weapons;@extDB;@life_server"

Original output filename: Arma3Retail_Server
Exe timestamp: 2016/03/02 14:35:06
Current time:  2016/03/06 20:55:53

Type: Public
Build: Stable
Version: 1.56.134787

Allocator: D:\Arma 3\steamapps\common\Arma 3 Server\dll\tbb4malloc_bi.dll
=====================================================================

20:55:53 Initializing stats manager.
20:55:53 Stats config disabled.
20:55:53 sessionID: 045ff1bd928a9bf3716ec37ca816510668232a38
20:56:05 Unsupported language English in stringtable
20:56:05 Unsupported language English in stringtable
20:56:05 Unsupported language English in stringtable
20:56:05 Unsupported language English in stringtable
20:56:05 Unsupported language English in stringtable
20:56:07 Updating base class ->Base, by a3\dubbing_radio_f\config.bin/CfgHQIdentities/PAPA_BEAR/
20:56:07 Updating base class ->Base, by a3\dubbing_radio_f\config.bin/CfgHQIdentities/AirBase/
20:56:07 MAD\NSS_AC\config.cpp/RscDisplayDebug.Controls: Cannot update non array from array
20:56:07 Updating base class RscShortcutButton->RscButton, by a3\editor_f\config.bin/RscDisplayEditObject/Controls/B_OK/
20:56:07 Updating base class RscSliderH->RscXSliderH, by a3\editor_f\config.bin/RscDisplayEditObject/Slider/
20:56:07 Updating base class RscText->RscPicture, by a3\editor_f\config.bin/RscDisplayEditObject/Preview/
20:56:07 Updating base class RscShortcutButton->RscButton, by a3\editor_f\config.bin/RscDisplayMissionLoad/Controls/B_OK/
20:56:07 Updating base class RscShortcutButton->RscButton, by a3\editor_f\config.bin/RscDisplayMissionSave/Controls/B_OK/
20:56:07 Updating base class ->All, by a3\sounds_f\config.bin/CfgVehicles/Sound/
20:56:07 Updating base class ->Rifle, by CUP\BaseConfigs\CUP_BaseConfigs\config.bin/CfgWeapons/Rifle_Base_F/
20:56:07 Updating base class ->Rifle_Base_F, by CUP\BaseConfigs\CUP_BaseConfigs\config.bin/CfgWeapons/Rifle_Long_Base_F/
20:56:07 Updating base class ->Pistol, by CUP\BaseConfigs\CUP_BaseConfigs\config.bin/CfgWeapons/Pistol_Base_F/
20:56:07 Updating base class ->Default, by a3\anims_f\config\sdr\config.bin/CfgMovesBasic/DefaultDie/
20:56:07 Updating base class ->Default, by a3\anims_f\config\sdr\config.bin/CfgMovesMaleSdr/States/Crew/
20:56:07 Updating base class ->RscControlsGroup, by a3\ui_f\config.bin/RscControlsGroupNoScrollbars/
20:56:07 Updating base class ->RscControlsGroup, by a3\ui_f\config.bin/RscControlsGroupNoHScrollbars/
20:56:07 Updating base class ->RscControlsGroup, by a3\ui_f\config.bin/RscControlsGroupNoVScrollbars/
20:56:07 Updating base class ->RscText, by a3\ui_f\config.bin/RscLine/
20:56:07 Updating base class ->RscActiveText, by a3\ui_f\config.bin/RscActivePicture/
20:56:07 Updating base class ->RscButton, by a3\ui_f\config.bin/RscButtonTextOnly/
20:56:07 Updating base class ->RscShortcutButton, by a3\ui_f\config.bin/RscShortcutButtonMain/
20:56:07 Updating base class ->RscShortcutButton, by a3\ui_f\config.bin/RscButtonEditor/
20:56:07 Updating base class ->RscShortcutButton, by a3\ui_f\config.bin/RscIGUIShortcutButton/
20:56:07 Updating base class ->RscShortcutButton, by a3\ui_f\config.bin/RscGearShortcutButton/
20:56:07 Updating base class ->RscShortcutButton, by a3\ui_f\config.bin/RscButtonMenu/
20:56:07 Updating base class ->RscButtonMenu, by a3\ui_f\config.bin/RscButtonMenuOK/
20:56:07 Updating base class ->RscButtonMenu, by a3\ui_f\config.bin/RscButtonMenuCancel/
20:56:07 Updating base class ->RscButtonMenu, by a3\ui_f\config.bin/RscButtonMenuSteam/
20:56:07 Updating base class ->RscText, by a3\ui_f\config.bin/RscLoadingText/
20:56:07 Updating base class ->RscListBox, by a3\ui_f\config.bin/RscIGUIListBox/
20:56:07 Updating base class ->RscListNBox, by a3\ui_f\config.bin/RscIGUIListNBox/
20:56:07 Updating base class ->RscText, by a3\ui_f\config.bin/RscBackground/
20:56:07 Updating base class ->RscText, by a3\ui_f\config.bin/RscBackgroundGUI/
20:56:07 Updating base class ->RscPicture, by a3\ui_f\config.bin/RscBackgroundGUILeft/
20:56:07 Updating base class ->RscPicture, by a3\ui_f\config.bin/RscBackgroundGUIRight/
20:56:07 Updating base class ->RscPicture, by a3\ui_f\config.bin/RscBackgroundGUIBottom/
20:56:07 Updating base class ->RscText, by a3\ui_f\config.bin/RscBackgroundGUITop/
20:56:07 Updating base class ->RscText, by a3\ui_f\config.bin/RscBackgroundGUIDark/
20:56:07 Updating base class ->RscPictureKeepAspect, by a3\ui_f\config.bin/RscBackgroundLogo/
20:56:07 Updating base class ->RscMapControl, by a3\ui_f\config.bin/RscMapControlEmpty/
20:56:07 Updating base class ->RscPicture, by a3\ui_f\config.bin/CA_Mainback/
20:56:07 Updating base class ->CA_Mainback, by a3\ui_f\config.bin/CA_Back/
20:56:07 Updating base class ->CA_Mainback, by a3\ui_f\config.bin/CA_Title_Back/
20:56:07 Updating base class ->CA_Mainback, by a3\ui_f\config.bin/CA_Black_Back/
20:56:07 Updating base class ->RscTitle, by a3\ui_f\config.bin/CA_Title/
20:56:07 Updating base class ->RscPictureKeepAspect, by a3\ui_f\config.bin/CA_Logo/
20:56:07 Updating base class ->CA_Logo, by a3\ui_f\config.bin/CA_Logo_Small/
20:56:07 Updating base class ->RscButton, by a3\ui_f\config.bin/CA_RscButton/
20:56:07 Updating base class ->CA_RscButton, by a3\ui_f\config.bin/CA_RscButton_dialog/
20:56:07 Updating base class ->RscActiveText, by a3\ui_f\config.bin/CA_Ok/
20:56:07 Updating base class ->RscText, by a3\ui_f\config.bin/CA_Ok_image/
20:56:07 Updating base class ->RscText, by a3\ui_f\config.bin/CA_Ok_image2/
20:56:07 Updating base class ->RscText, by a3\ui_f\config.bin/CA_Ok_text/
20:56:07 Updating base class ->RscPicture, by a3\ui_f\config.bin/RscVignette/
20:56:07 Updating base class ->RscControlsGroupNoScrollbars, by a3\ui_f\config.bin/RscMapControlTooltip/
20:56:07 Updating base class ->RscControlsGroupNoScrollbars, by a3\ui_f\config.bin/RscDebugConsole/
20:56:07 Cannot update non class from class a3\ui_f\config.bin/RscDebugConsole/controls/
20:56:07 Updating base class ->RscText, by a3\ui_f\config.bin/RscOpticsText/
20:56:07 Updating base class ->RscOpticsText, by a3\ui_f\config.bin/RscOpticsValue/
20:56:07 Updating base class RscUnitInfo->RscUnitInfoAirNoWeapon, by a3\ui_f\config.bin/RscInGameUI/RscUnitInfoAir/
20:56:07 Cannot update non class from class a3\ui_f\config.bin/RscDisplayDebug/controlsBackground/
20:56:07 Updating base class ->RscText, by a3\ui_f\config.bin/RscDisplayCapture/controls/TimeLines/
20:56:07 Updating base class RscShortcutButton->RscButtonMenu, by a3\ui_f\config.bin/RscDisplayCapture/controls/ButtonAverages/
20:56:07 Updating base class RscShortcutButton->RscButtonMenu, by a3\ui_f\config.bin/RscDisplayCapture/controls/ButtonSavePreviousData/
20:56:07 Updating base class RscShortcutButton->RscButtonMenu, by a3\ui_f\config.bin/RscDisplayCapture/controls/ButtonPreviousData/
20:56:07 Updating base class RscControlsGroup->RscControlsGroupNoHScrollbars, by a3\ui_f\config.bin/RscDisplayMain/controls/ModIcons/
20:56:07 Updating base class RscPicture->RscPictureKeepAspect, by a3\ui_f\config.bin/RscDisplayMain/IconPicture/
20:56:07 Updating base class IconPicture->RscPictureKeepAspect, by a3\ui_f\config.bin/RscDisplayMain/DlcOwnedIconPicture/
20:56:07 Updating base class IconPicture->RscPictureKeepAspect, by a3\ui_f\config.bin/RscDisplayMain/DlcIconPicture/
20:56:07 Updating base class RscListBox->RscCombo, by a3\ui_f\config.bin/RscDisplayCustomizeController/Steepness/
20:56:07 Updating base class ->RscStandardDisplay, by a3\ui_f\config.bin/RscDisplayControlSchemes/
20:56:07 Updating base class ButtonOK->RscButtonMenuCancel, by a3\ui_f\config.bin/RscDisplayControlSchemes/controls/ButtonCancel/
20:56:07 Updating base class RscButton->RscButtonMenuOK, by a3\ui_f\config.bin/RscDisplayControlSchemes/controls/ButtonOK/
20:56:07 Updating base class RscPicture->RscPictureKeepAspect, by a3\ui_f\config.bin/RscDisplayFileSelectImage/controls/OverviewPicture/
20:56:07 Updating base class RscShortcutButton->RscButtonMenuCancel, by a3\ui_f\config.bin/RscDisplayFieldManual/controls/ButtonCancel/
20:56:07 Cannot delete class B_KickOff, it is referenced somewhere (used as a base class probably).
20:56:07 Updating base class RscButton->RscButtonMenuCancel, by a3\ui_f\config.bin/RscDisplayPublishMission/controls/ButtonCancel/
20:56:07 Updating base class RscShortcutButton->RscButtonMenuOK, by a3\ui_f\config.bin/RscDisplayPublishMissionSelectTags/controls/ButtonOK/
20:56:07 Updating base class ButtonOK->RscButtonMenuCancel, by a3\ui_f\config.bin/RscDisplayPublishMissionSelectTags/controls/ButtonCancel/
20:56:07 Updating base class ->RscSubmenu, by a3\ui_f\config.bin/RscMainMenu/
20:56:07 Cannot update non class from class a3\ui_f\config.bin/RscCallSupport/Items/
20:56:07 Cannot update non class from class a3\ui_f\config.bin/RscRadio/Items/
20:56:07 Updating base class ->SubmunitionCore, by a3\weapons_f\config.bin/CfgAmmo/SubmunitionBase/
20:56:07 Updating base class ->MissileCore, by a3\weapons_f\config.bin/CfgAmmo/MissileBase/
20:56:07 Updating base class ->RocketCore, by a3\weapons_f\config.bin/CfgAmmo/RocketBase/
20:56:07 Updating base class ->GrenadeCore, by a3\weapons_f\config.bin/CfgAmmo/GrenadeBase/
20:56:07 Updating base class ->Grenade, by a3\weapons_f\config.bin/CfgAmmo/GrenadeHand/
20:56:07 Updating base class ->manual, by a3\weapons_f\config.bin/cfgWeapons/LMG_RCWS/close/
20:56:07 Updating base class ->LMG_RCWS, by a3\weapons_f\config.bin/cfgWeapons/LMG_M200/
20:56:07 Updating base class MGun->LMG_RCWS, by a3\weapons_f\config.bin/cfgWeapons/HMG_127/
20:56:07 Updating base class ->MGun, by a3\weapons_f\config.bin/cfgWeapons/GMG_F/
20:56:07 Updating base class ->player, by a3\weapons_f\config.bin/cfgWeapons/autocannon_Base_F/close/
20:56:07 Updating base class ->close, by a3\weapons_f\config.bin/cfgWeapons/autocannon_Base_F/short/
20:56:07 Updating base class ->short, by a3\weapons_f\config.bin/cfgWeapons/autocannon_Base_F/medium/
20:56:07 Updating base class ->medium, by a3\weapons_f\config.bin/cfgWeapons/autocannon_Base_F/far/
20:56:07 Updating base class ->Launcher, by a3\weapons_f\config.bin/cfgWeapons/Launcher_Base_F/
20:56:07 Updating base class ->Default, by a3\weapons_f\config.bin/cfgWeapons/GrenadeLauncher/
20:56:07 Updating base class ->PistolCore, by a3\weapons_f\config.bin/cfgWeapons/Pistol/
20:56:07 Updating base class ->WeaponSlotsInfo, by a3\weapons_f\config.bin/cfgWeapons/Pistol_Base_F/WeaponSlotsInfo/
20:56:07 Updating base class ->Default, by a3\weapons_f\config.bin/cfgWeapons/CarHorn/
20:56:07 Updating base class ->MineCore, by a3\weapons_f\explosives\config.bin/cfgAmmo/MineBase/
20:56:07 Updating base class ->BoundingMineCore, by a3\weapons_f\explosives\config.bin/cfgAmmo/BoundingMineBase/
20:56:07 Updating base class ->DirectionalBombCore, by a3\weapons_f\explosives\config.bin/cfgAmmo/DirectionalBombBase/
20:56:07 Updating base class ->PipeBombCore, by a3\weapons_f\explosives\config.bin/cfgAmmo/PipeBombBase/
20:56:07 Updating base class RscText->ctrlStaticBackgroundDisable, by a3\3den\config.bin/RscDisplayOptionsAudio/ControlsBackground/BackgroundDisable/
20:56:07 Updating base class RscText->ctrlStaticBackgroundDisableTiles, by a3\3den\config.bin/RscDisplayOptionsAudio/ControlsBackground/BackgroundDisableTiles/
20:56:07 Updating base class RscText->ctrlStaticBackgroundDisable, by a3\3den\config.bin/RscDisplayConfigure/ControlsBackground/BackgroundDisable/
20:56:07 Updating base class RscText->ctrlStaticBackgroundDisableTiles, by a3\3den\config.bin/RscDisplayConfigure/ControlsBackground/BackgroundDisableTiles/
20:56:07 Updating base class RscText->ctrlStaticBackgroundDisable, by a3\3den\config.bin/RscDisplayConfigureAction/ControlsBackground/BackgroundDisable/
20:56:07 Updating base class RscText->ctrlStaticBackgroundDisableTiles, by a3\3den\config.bin/RscDisplayConfigureAction/ControlsBackground/BackgroundDisableTiles/
20:56:07 Updating base class RscText->ctrlStaticBackgroundDisable, by a3\3den\config.bin/RscDisplayConfigureControllers/ControlsBackground/BackgroundDisable/
20:56:07 Updating base class RscText->ctrlStaticBackgroundDisableTiles, by a3\3den\config.bin/RscDisplayConfigureControllers/ControlsBackground/BackgroundDisableTiles/
20:56:07 Updating base class RscText->ctrlStaticBackgroundDisable, by a3\3den\config.bin/RscDisplayGameOptions/ControlsBackground/BackgroundDisable/
20:56:07 Updating base class RscText->ctrlStaticBackgroundDisableTiles, by a3\3den\config.bin/RscDisplayGameOptions/ControlsBackground/BackgroundDisableTiles/
20:56:07 Updating base class controls->, by a3\3den\config.bin/RscDisplayArcadeMap_Layout_2/Controls/
20:56:07 Updating base class controls->, by a3\3den\config.bin/RscDisplayArcadeMap_Layout_6/Controls/
20:56:07 Updating base class Turrets->Turrets, by a3\static_f\config.bin/CfgVehicles/StaticMGWeapon/Turrets/
20:56:07 Updating base class ->MainTurret, by a3\static_f\config.bin/CfgVehicles/StaticMGWeapon/Turrets/MainTurret/
20:56:08 Updating base class ->HitGlass1, by a3\air_f\config.bin/CfgVehicles/Helicopter/HitPoints/HitGlass2/
20:56:08 Updating base class ->HitGlass1, by a3\air_f\config.bin/CfgVehicles/Helicopter/HitPoints/HitGlass3/
20:56:08 Updating base class ->HitGlass1, by a3\air_f\config.bin/CfgVehicles/Helicopter/HitPoints/HitGlass4/
20:56:08 Updating base class ->HitGlass1, by a3\air_f\config.bin/CfgVehicles/Helicopter/HitPoints/HitGlass5/
20:56:08 Updating base class Turrets->, by a3\air_f_beta\config.bin/CfgVehicles/Plane_Base_F/Turrets/
20:56:08 Updating base class ->SlotInfo, by a3\weapons_f_mark\config.bin/UnderBarrelSlot/
20:56:08 Updating base class Rifle_Base_F->Rifle_Long_Base_F, by a3\weapons_f_mark\longrangerifles\dmr_03\config.bin/CfgWeapons/DMR_03_base_F/
20:56:08 Updating base class Rifle_Base_F->Rifle_Long_Base_F, by a3\weapons_f_mark\longrangerifles\dmr_05\config.bin/CfgWeapons/DMR_05_base_F/
20:56:08 Updating base class Rifle_Base_F->Rifle_Long_Base_F, by a3\weapons_f_mark\longrangerifles\dmr_06\config.bin/cfgWeapons/DMR_06_base_F/
20:56:08 Updating base class Rifle_Base_F->Rifle_Long_Base_F, by a3\weapons_f_mark\machineguns\mmg_01\config.bin/CfgWeapons/MMG_01_base_F/
20:56:08 Updating base class Rifle_Base_F->Rifle_Long_Base_F, by a3\weapons_f_mark\machineguns\mmg_02\config.bin/CfgWeapons/MMG_02_base_F/
20:56:08 Updating base class KIA_RHIB_Cargo->DefaultDie, by CUP\WaterVehicles\CUP_WaterVehicles_Zodiac\config.bin/CfgMovesMaleSdr/States/Zodiac_Dead/
20:56:08 Updating base class ->CUP_B_USPack_Base, by CUP\Weapons\CUP_Weapons_Backpacks\config.bin/CfgVehicles/CUP_B_GER_Pack_Tropentarn/
20:56:08 Updating base class ->CUP_B_USPack_Base, by CUP\Weapons\CUP_Weapons_Backpacks\config.bin/CfgVehicles/CUP_B_GER_Pack_Flecktarn/
20:56:08 Updating base class ->CUP_B_CivPack_Base, by CUP\Weapons\CUP_Weapons_Backpacks\config.bin/CfgVehicles/CUP_B_CivPack_WDL/
20:56:08 Updating base class ->CUP_B_RPGPack_Base, by CUP\Weapons\CUP_Weapons_Backpacks\config.bin/CfgVehicles/CUP_B_RPGPack_Khaki/
20:56:08 Updating base class ->CUP_B_AlicePack_Base, by CUP\Weapons\CUP_Weapons_Backpacks\config.bin/CfgVehicles/CUP_B_AlicePack_Khaki/
20:56:08 Updating base class ->CUP_B_HikingPack_Base, by CUP\Weapons\CUP_Weapons_Backpacks\config.bin/CfgVehicles/CUP_B_HikingPack_Civ/
20:56:08 Updating base class ->Bag_Base, by CUP\Weapons\CUP_Weapons_Backpacks\config.bin/CfgVehicles/CUP_B_USMC_AssaultPack/
20:56:08 Updating base class ->Bag_Base, by CUP\Weapons\CUP_Weapons_Backpacks\config.bin/CfgVehicles/CUP_B_USMC_MOLLE/
20:56:08 Updating base class ->Bag_Base, by CUP\Weapons\CUP_Weapons_Backpacks\config.bin/CfgVehicles/CUP_B_USMC_MOLLE_WDL/
20:56:08 Updating base class ->CUP_B_GER_Medic_Desert, by CUP\Weapons\CUP_Weapons_Backpacks\config.bin/CfgVehicles/CUP_B_GER_Medic_Tropentarn/
20:56:08 Updating base class ->CUP_B_GER_Medic_Desert, by CUP\Weapons\CUP_Weapons_Backpacks\config.bin/CfgVehicles/CUP_B_GER_Medic_FLecktarn/
20:56:08 Updating base class ->Bag_Base, by CUP\Weapons\CUP_Weapons_Backpacks\config.bin/CfgVehicles/CUP_B_TK_Medic_Desert/
20:56:08 Updating base class ->Bag_Base, by CUP\Weapons\CUP_Weapons_Backpacks\config.bin/CfgVehicles/CUP_B_SLA_Medicbag/
20:56:08 Updating base class WeaponSlotsInfo->WeaponSlotsInfo, by CUP\Weapons\CUP_Weapons_CZ750\config.bin/CfgWeapons/CUP_srifle_CZ750_Base/WeaponSlotsInfo/
20:56:08 Updating base class ->WeaponSlotsInfo, by CUP\Weapons\CUP_Weapons_Igla\config.bin/CfgWeapons/CUP_launch_Igla/WeaponSlotsInfo/
20:56:08 Updating base class ->WeaponSlotsInfo, by CUP\Weapons\CUP_Weapons_Javelin\config.bin/CfgWeapons/CUP_launch_Javelin/WeaponSlotsInfo/
20:56:08 Updating base class ->WeaponSlotsInfo, by CUP\Weapons\CUP_Weapons_M136\config.bin/CfgWeapons/CUP_launch_M136/WeaponSlotsInfo/
20:56:08 Updating base class ->WeaponSlotsInfo, by CUP\Weapons\CUP_Weapons_M47\config.bin/CfgWeapons/CUP_launch_M47/WeaponSlotsInfo/
20:56:08 Updating base class ->WeaponSlotsInfo, by CUP\Weapons\CUP_Weapons_MAAWS\config.bin/CfgWeapons/CUP_launch_MAAWS/WeaponSlotsInfo/
20:56:08 Updating base class ->WeaponSlotsInfo, by CUP\Weapons\CUP_Weapons_Metis_AT_13\config.bin/CfgWeapons/CUP_launch_Metis/WeaponSlotsInfo/
20:56:08 Updating base class ->WeaponSlotsInfo, by CUP\Weapons\CUP_Weapons_NLAW\config.bin/CfgWeapons/CUP_launch_NLAW/WeaponSlotsInfo/
20:56:08 Updating base class ->WeaponSlotsInfo, by CUP\Weapons\CUP_Weapons_RPG18\config.bin/CfgWeapons/CUP_launch_RPG18/WeaponSlotsInfo/
20:56:08 Updating base class ->WeaponSlotsInfo, by CUP\Weapons\CUP_Weapons_RPG7\config.bin/CfgWeapons/CUP_launch_RPG7V/WeaponSlotsInfo/
20:56:08 Updating base class ->WeaponSlotsInfo, by CUP\Weapons\CUP_Weapons_SMAW\config.bin/CfgWeapons/CUP_launch_Mk153Mod0/WeaponSlotsInfo/
20:56:08 Updating base class ->WeaponSlotsInfo, by CUP\Weapons\CUP_Weapons_Stinger\config.bin/CfgWeapons/CUP_launch_FIM92Stinger/WeaponSlotsInfo/
20:56:08 Updating base class ->WeaponSlotsInfo, by CUP\Weapons\CUP_Weapons_Strela_2\config.bin/CfgWeapons/CUP_launch_9K32Strela/WeaponSlotsInfo/
20:56:08 Updating base class WeaponSlotsInfo->WeaponSlotsInfo, by CUP\Weapons\CUP_Weapons_UK59\config.bin/CfgWeapons/CUP_lmg_UK59/WeaponSlotsInfo/
20:56:08 Updating base class ->MGun, by CUP\Weapons\CUP_Weapons_VehicleWeapons\config.bin/cfgWeapons/CUP_Vlmg_M240_veh/
20:56:08 Updating base class ->CUP_Vhmg_PKT_veh, by CUP\Weapons\CUP_Weapons_VehicleWeapons\config.bin/cfgWeapons/CUP_PKT_W/
20:56:08 Updating base class Optics_Commander_02->Optics_Armored, by CUP\WheeledVehicles\CUP_WheeledVehicles_BTR90\config.bin/Optics_Commander_03/
20:56:08 Updating base class Car->LandVehicle, by CUP\WheeledVehicles\CUP_WheeledVehicles_RG31\config.bin/CfgVehicles/car_F/
20:56:08 Updating base class Car->Car_F, by CUP\WheeledVehicles\CUP_WheeledVehicles_Stryker\config.bin/CfgVehicles/Wheeled_APC/
20:56:08 Updating base class LandVehicle->Car, by CUP\WheeledVehicles\CUP_WheeledVehicles_UAZ\config.bin/CfgVehicles/Car_F/
20:56:08 Updating base class ->asdg_SlotInfo, by x\cba\addons\jr\config.bin/asdg_FrontSideRail/
20:56:08 Updating base class ->Turrets, by CUP\AirVehicles\CUP_AirVehicles_MV22\config.bin/CfgVehicles/Plane_Base_F/Turrets/
20:56:08 Updating base class Sounds->, by CUP\TrackedVehicles\CUP_TrackedVehicles_T34\config.bin/CfgVehicles/Tank_F/Sounds/
20:56:08 Updating base class ->asdg_OpticSideMount, by CUP\Weapons\CUP_Weapons_East_Attachments\config.bin/CUP_DovetailMount/
20:56:08 Updating base class WeaponSlotsInfo->, by CUP\Weapons\CUP_Weapons_PB_6P9\config.bin/CfgWeapons/CUP_hgun_PB6P9/WeaponSlotsInfo/
20:56:08 Updating base class WeaponSlotsInfo->WeaponSlotsInfo, by CUP\Weapons\CUP_Weapons_PK\config.bin/CfgWeapons/CUP_lmg_PKM/WeaponSlotsInfo/
20:56:08 Updating base class ->asdg_OpticRail1913_long, by CUP\Weapons\CUP_Weapons_West_Attachments\config.bin/CUP_PicatinnyTopMount/
20:56:08 Updating base class ->asdg_OpticRail1913_short, by CUP\Weapons\CUP_Weapons_West_Attachments\config.bin/CUP_PicatinnyTopShortMount/
20:56:08 Updating base class ->asdg_FrontSideRail, by CUP\Weapons\CUP_Weapons_West_Attachments\config.bin/CUP_PicatinnySideMount/
20:56:08 Updating base class ->asdg_UnderSlot, by CUP\Weapons\CUP_Weapons_West_Attachments\config.bin/CUP_PicatinnyUnderMount/
20:56:08 Updating base class ->Sounds, by CUP\TrackedVehicles\CUP_TrackedVehicles_Bradley\config.bin/CfgVehicles/Tank_F/Sounds/
20:56:08 Updating base class WeaponSlotsInfo->WeaponSlotsInfo, by CUP\Weapons\CUP_Weapons_AK\config.bin/CfgWeapons/CUP_arifle_AKS_Base/WeaponSlotsInfo/
20:56:08 Updating base class WeaponSlotsInfo->WeaponSlotsInfo, by CUP\Weapons\CUP_Weapons_AK\config.bin/CfgWeapons/CUP_arifle_AK107_Base/WeaponSlotsInfo/
20:56:08 Updating base class WeaponSlotsInfo->WeaponSlotsInfo, by CUP\Weapons\CUP_Weapons_AK\config.bin/CfgWeapons/CUP_arifle_AK47/WeaponSlotsInfo/
20:56:08 Updating base class WeaponSlotsInfo->WeaponSlotsInfo, by CUP\Weapons\CUP_Weapons_AK\config.bin/CfgWeapons/CUP_arifle_AK74/WeaponSlotsInfo/
20:56:08 Updating base class WeaponSlotsInfo->WeaponSlotsInfo, by CUP\Weapons\CUP_Weapons_AK\config.bin/CfgWeapons/CUP_arifle_AK74M/WeaponSlotsInfo/
20:56:08 Updating base class WeaponSlotsInfo->WeaponSlotsInfo, by CUP\Weapons\CUP_Weapons_AK\config.bin/CfgWeapons/CUP_arifle_AK74M_GL/WeaponSlotsInfo/
20:56:08 Updating base class CUP_arifle_AK_Base->CUP_arifle_AK107_Base, by CUP\Weapons\CUP_Weapons_AK\config.bin/CfgWeapons/CUP_arifle_AK107_GL/
20:56:08 Updating base class WeaponSlotsInfo->WeaponSlotsInfo, by CUP\Weapons\CUP_Weapons_AK\config.bin/CfgWeapons/CUP_arifle_AK107_GL/WeaponSlotsInfo/
20:56:08 Updating base class WeaponSlotsInfo->WeaponSlotsInfo, by CUP\Weapons\CUP_Weapons_AK\config.bin/CfgWeapons/CUP_arifle_AK74_GL/WeaponSlotsInfo/
20:56:08 Updating base class WeaponSlotsInfo->WeaponSlotsInfo, by CUP\Weapons\CUP_Weapons_AK\config.bin/CfgWeapons/CUP_arifle_AKM/WeaponSlotsInfo/
20:56:08 Updating base class CUP_arifle_AK_Base->CUP_arifle_AKM, by CUP\Weapons\CUP_Weapons_AK\config.bin/CfgWeapons/CUP_arifle_AKS/
20:56:08 Updating base class WeaponSlotsInfo->WeaponSlotsInfo, by CUP\Weapons\CUP_Weapons_AK\config.bin/CfgWeapons/CUP_arifle_AKS/WeaponSlotsInfo/
20:56:08 Updating base class CUP_arifle_AK_Base->CUP_arifle_AKS, by CUP\Weapons\CUP_Weapons_AK\config.bin/CfgWeapons/CUP_arifle_AKS_Gold/
20:56:08 Updating base class WeaponSlotsInfo->WeaponSlotsInfo, by CUP\Weapons\CUP_Weapons_AK\config.bin/CfgWeapons/CUP_arifle_AKS_Gold/WeaponSlotsInfo/
20:56:08 Updating base class WeaponSlotsInfo->WeaponSlotsInfo, by CUP\Weapons\CUP_Weapons_AS50\config.bin/CfgWeapons/CUP_srifle_AS50/WeaponSlotsInfo/
20:56:08 Updating base class WeaponSlotsInfo->WeaponSlotsInfo, by CUP\Weapons\CUP_Weapons_AWM\config.bin/CfgWeapons/CUP_srifle_AWM_Base/WeaponSlotsInfo/
20:56:08 Updating base class WeaponSlotsInfo->, by CUP\Weapons\CUP_Weapons_C7\config.bin/CfgWeapons/CUP_arifle_C7A2_Base/WeaponSlotsInfo/
20:56:08 Updating base class WeaponSlotsInfo->WeaponSlotsInfo, by CUP\Weapons\CUP_Weapons_G36\config.bin/CfgWeapons/CUP_arifle_G36A/WeaponSlotsInfo/
20:56:08 Updating base class WeaponSlotsInfo->WeaponSlotsInfo, by CUP\Weapons\CUP_Weapons_L110\config.bin/CfgWeapons/CUP_lmg_L110A1/WeaponSlotsInfo/
20:56:08 Updating base class WeaponSlotsInfo->WeaponSlotsInfo, by CUP\Weapons\CUP_Weapons_L7A2\config.bin/CfgWeapons/CUP_lmg_L7A2/WeaponSlotsInfo/
20:56:08 Updating base class WeaponSlotsInfo->WeaponSlotsInfo, by CUP\Weapons\CUP_Weapons_M107\config.bin/CfgWeapons/CUP_srifle_M107_Base/WeaponSlotsInfo/
20:56:08 Updating base class WeaponSlotsInfo->, by CUP\Weapons\CUP_Weapons_M16\config.bin/CfgWeapons/CUP_arifle_M16_Base/WeaponSlotsInfo/
20:56:08 Updating base class WeaponSlotsInfo->, by CUP\Weapons\CUP_Weapons_M16\config.bin/CfgWeapons/CUP_arifle_M4A1_BUIS_Base/WeaponSlotsInfo/
20:56:08 Updating base class WeaponSlotsInfo->, by CUP\Weapons\CUP_Weapons_M16\config.bin/CfgWeapons/CUP_srifle_Mk12SPR/WeaponSlotsInfo/
20:56:08 Updating base class WeaponSlotsInfo->WeaponSlotsInfo, by CUP\Weapons\CUP_Weapons_M240\config.bin/CfgWeapons/CUP_lmg_M240/WeaponSlotsInfo/
20:56:08 Updating base class WeaponSlotsInfo->WeaponSlotsInfo, by CUP\Weapons\CUP_Weapons_Mk48\config.bin/CfgWeapons/CUP_lmg_Mk48_Base/WeaponSlotsInfo/
20:56:08 Updating base class WeaponSlotsInfo->WeaponSlotsInfo, by CUP\Weapons\CUP_Weapons_SCAR\config.bin/CfgWeapons/CUP_arifle_Mk16_CQC/WeaponSlotsInfo/
20:56:08 Updating base class WeaponSlotsInfo->WeaponSlotsInfo, by CUP\Weapons\CUP_Weapons_SCAR\config.bin/CfgWeapons/CUP_arifle_Mk16_STD/WeaponSlotsInfo/
20:56:08 Updating base class WeaponSlotsInfo->WeaponSlotsInfo, by CUP\Weapons\CUP_Weapons_SCAR\config.bin/CfgWeapons/CUP_arifle_Mk16_SV/WeaponSlotsInfo/
20:56:08 Updating base class WeaponSlotsInfo->WeaponSlotsInfo, by CUP\Weapons\CUP_Weapons_SCAR\config.bin/CfgWeapons/CUP_arifle_Mk17_CQC/WeaponSlotsInfo/
20:56:08 Updating base class WeaponSlotsInfo->WeaponSlotsInfo, by CUP\Weapons\CUP_Weapons_SCAR\config.bin/CfgWeapons/CUP_arifle_Mk17_STD/WeaponSlotsInfo/
20:56:08 Updating base class WeaponSlotsInfo->WeaponSlotsInfo, by CUP\Weapons\CUP_Weapons_SCAR\config.bin/CfgWeapons/CUP_arifle_Mk20/WeaponSlotsInfo/
20:56:08 Updating base class WeaponSlotsInfo->WeaponSlotsInfo, by CUP\Weapons\CUP_Weapons_XM8\config.bin/CfgWeapons/CUP_arifle_XM8_Carbine/WeaponSlotsInfo/
20:56:08 Updating base class WeaponSlotsInfo->WeaponSlotsInfo, by CUP\Weapons\CUP_Weapons_XM8\config.bin/CfgWeapons/CUP_arifle_XM8_Carbine_GL/WeaponSlotsInfo/
20:56:08 Updating base class WeaponSlotsInfo->WeaponSlotsInfo, by CUP\Weapons\CUP_Weapons_XM8\config.bin/CfgWeapons/CUP_arifle_xm8_sharpshooter/WeaponSlotsInfo/
20:56:08 Updating base class WeaponSlotsInfo->WeaponSlotsInfo, by CUP\Weapons\CUP_Weapons_XM8\config.bin/CfgWeapons/CUP_arifle_XM8_Compact/WeaponSlotsInfo/
20:56:08 Updating base class WeaponSlotsInfo->WeaponSlotsInfo, by CUP\Weapons\CUP_Weapons_XM8\config.bin/CfgWeapons/CUP_arifle_XM8_Carbine_FG/WeaponSlotsInfo/
20:56:09 ragdollHitDmgLimit (0.000000) is lower than minimum (0.010000) and it was set to min.
20:56:09 Initializing Steam Manager
20:56:09 Starting initial content check.
20:56:09 Steam Manager initialized.
20:56:09 
20:56:09 ==== Loaded addons ====
20:56:09 
20:56:09 dta\bin.pbo - unknown
20:56:09 dta\core.pbo - 84186
20:56:09 dta\languagecore_f.pbo - 93952
20:56:09 D:\Arma 3\steamapps\common\Arma 3 Server\@life_server\addons\life_server.pbo - unknown
20:56:09 D:\Arma 3\steamapps\common\Arma 3 Server\@CUP Weapons\addons\cup_baseconfigs.pbo - unknown
20:56:09 D:\Arma 3\steamapps\common\Arma 3 Server\@CUP Weapons\addons\cup_basedata.pbo - unknown
20:56:09 D:\Arma 3\steamapps\common\Arma 3 Server\@CUP Weapons\addons\cup_weapons_aa12.pbo - unknown
20:56:09 D:\Arma 3\steamapps\common\Arma 3 Server\@CUP Weapons\addons\cup_weapons_ak.pbo - unknown
20:56:09 D:\Arma 3\steamapps\common\Arma 3 Server\@CUP Weapons\addons\cup_weapons_ammoboxes.pbo - unknown
20:56:09 D:\Arma 3\steamapps\common\Arma 3 Server\@CUP Weapons\addons\cup_weapons_ammunition.pbo - unknown
20:56:09 D:\Arma 3\steamapps\common\Arma 3 Server\@CUP Weapons\addons\cup_weapons_as50.pbo - unknown
20:56:09 D:\Arma 3\steamapps\common\Arma 3 Server\@CUP Weapons\addons\cup_weapons_awm.pbo - unknown
20:56:09 D:\Arma 3\steamapps\common\Arma 3 Server\@CUP Weapons\addons\cup_weapons_backpacks.pbo - unknown
20:56:09 D:\Arma 3\steamapps\common\Arma 3 Server\@CUP Weapons\addons\cup_weapons_bizon.pbo - unknown
20:56:09 D:\Arma 3\steamapps\common\Arma 3 Server\@CUP Weapons\addons\cup_weapons_c7.pbo - unknown
20:56:09 D:\Arma 3\steamapps\common\Arma 3 Server\@CUP Weapons\addons\cup_weapons_colt1911.pbo - unknown
20:56:09 D:\Arma 3\steamapps\common\Arma 3 Server\@CUP Weapons\addons\cup_weapons_compact.pbo - unknown
20:56:09 D:\Arma 3\steamapps\common\Arma 3 Server\@CUP Weapons\addons\cup_weapons_compatibility.pbo - unknown
20:56:09 D:\Arma 3\steamapps\common\Arma 3 Server\@CUP Weapons\addons\cup_weapons_curator.pbo - unknown
20:56:09 D:\Arma 3\steamapps\common\Arma 3 Server\@CUP Weapons\addons\cup_weapons_cz750.pbo - unknown
20:56:09 D:\Arma 3\steamapps\common\Arma 3 Server\@CUP Weapons\addons\cup_weapons_cz805.pbo - unknown
20:56:09 D:\Arma 3\steamapps\common\Arma 3 Server\@CUP Weapons\addons\cup_weapons_duty.pbo - unknown
20:56:09 D:\Arma 3\steamapps\common\Arma 3 Server\@CUP Weapons\addons\cup_weapons_east_attachments.pbo - unknown
20:56:09 D:\Arma 3\steamapps\common\Arma 3 Server\@CUP Weapons\addons\cup_weapons_evo.pbo - unknown
20:56:09 D:\Arma 3\steamapps\common\Arma 3 Server\@CUP Weapons\addons\cup_weapons_fnfal.pbo - unknown
20:56:09 D:\Arma 3\steamapps\common\Arma 3 Server\@CUP Weapons\addons\cup_weapons_g36.pbo - unknown
20:56:09 D:\Arma 3\steamapps\common\Arma 3 Server\@CUP Weapons\addons\cup_weapons_glock17.pbo - unknown
20:56:09 D:\Arma 3\steamapps\common\Arma 3 Server\@CUP Weapons\addons\cup_weapons_grenadelaunchers.pbo - unknown
20:56:09 D:\Arma 3\steamapps\common\Arma 3 Server\@CUP Weapons\addons\cup_weapons_grenades.pbo - unknown
20:56:09 D:\Arma 3\steamapps\common\Arma 3 Server\@CUP Weapons\addons\cup_weapons_huntingrifle.pbo - unknown
20:56:09 D:\Arma 3\steamapps\common\Arma 3 Server\@CUP Weapons\addons\cup_weapons_igla.pbo - unknown
20:56:09 D:\Arma 3\steamapps\common\Arma 3 Server\@CUP Weapons\addons\cup_weapons_items.pbo - unknown
20:56:09 D:\Arma 3\steamapps\common\Arma 3 Server\@CUP Weapons\addons\cup_weapons_javelin.pbo - unknown
20:56:09 D:\Arma 3\steamapps\common\Arma 3 Server\@CUP Weapons\addons\cup_weapons_ksvk.pbo - unknown
20:56:09 D:\Arma 3\steamapps\common\Arma 3 Server\@CUP Weapons\addons\cup_weapons_l110.pbo - unknown
20:56:09 D:\Arma 3\steamapps\common\Arma 3 Server\@CUP Weapons\addons\cup_weapons_l7a2.pbo - unknown
20:56:09 D:\Arma 3\steamapps\common\Arma 3 Server\@CUP Weapons\addons\cup_weapons_l85.pbo - unknown
20:56:09 D:\Arma 3\steamapps\common\Arma 3 Server\@CUP Weapons\addons\cup_weapons_leeenfield.pbo - unknown
20:56:09 D:\Arma 3\steamapps\common\Arma 3 Server\@CUP Weapons\addons\cup_weapons_m1014.pbo - unknown
20:56:09 D:\Arma 3\steamapps\common\Arma 3 Server\@CUP Weapons\addons\cup_weapons_m107.pbo - unknown
20:56:09 D:\Arma 3\steamapps\common\Arma 3 Server\@CUP Weapons\addons\cup_weapons_m110.pbo - unknown
20:56:09 D:\Arma 3\steamapps\common\Arma 3 Server\@CUP Weapons\addons\cup_weapons_m136.pbo - unknown
20:56:09 D:\Arma 3\steamapps\common\Arma 3 Server\@CUP Weapons\addons\cup_weapons_m14.pbo - unknown
20:56:09 D:\Arma 3\steamapps\common\Arma 3 Server\@CUP Weapons\addons\cup_weapons_m14_dmr.pbo - unknown
20:56:09 D:\Arma 3\steamapps\common\Arma 3 Server\@CUP Weapons\addons\cup_weapons_m16.pbo - unknown
20:56:09 D:\Arma 3\steamapps\common\Arma 3 Server\@CUP Weapons\addons\cup_weapons_m24.pbo - unknown
20:56:09 D:\Arma 3\steamapps\common\Arma 3 Server\@CUP Weapons\addons\cup_weapons_m240.pbo - unknown
20:56:09 D:\Arma 3\steamapps\common\Arma 3 Server\@CUP Weapons\addons\cup_weapons_m249.pbo - unknown
20:56:09 D:\Arma 3\steamapps\common\Arma 3 Server\@CUP Weapons\addons\cup_weapons_m47.pbo - unknown
20:56:09 D:\Arma 3\steamapps\common\Arma 3 Server\@CUP Weapons\addons\cup_weapons_m60e4.pbo - unknown
20:56:09 D:\Arma 3\steamapps\common\Arma 3 Server\@CUP Weapons\addons\cup_weapons_m9.pbo - unknown
20:56:09 D:\Arma 3\steamapps\common\Arma 3 Server\@CUP Weapons\addons\cup_weapons_maaws.pbo - unknown
20:56:09 D:\Arma 3\steamapps\common\Arma 3 Server\@CUP Weapons\addons\cup_weapons_makarov.pbo - unknown
20:56:09 D:\Arma 3\steamapps\common\Arma 3 Server\@CUP Weapons\addons\cup_weapons_metis_at_13.pbo - unknown
20:56:09 D:\Arma 3\steamapps\common\Arma 3 Server\@CUP Weapons\addons\cup_weapons_microuzi.pbo - unknown
20:56:09 D:\Arma 3\steamapps\common\Arma 3 Server\@CUP Weapons\addons\cup_weapons_mk48.pbo - unknown
20:56:09 D:\Arma 3\steamapps\common\Arma 3 Server\@CUP Weapons\addons\cup_weapons_mp5.pbo - unknown
20:56:09 D:\Arma 3\steamapps\common\Arma 3 Server\@CUP Weapons\addons\cup_weapons_nlaw.pbo - unknown
20:56:09 D:\Arma 3\steamapps\common\Arma 3 Server\@CUP Weapons\addons\cup_weapons_nvg.pbo - unknown
20:56:09 D:\Arma 3\steamapps\common\Arma 3 Server\@CUP Weapons\addons\cup_weapons_pb_6p9.pbo - unknown
20:56:09 D:\Arma 3\steamapps\common\Arma 3 Server\@CUP Weapons\addons\cup_weapons_phantom.pbo - unknown
20:56:09 D:\Arma 3\steamapps\common\Arma 3 Server\@CUP Weapons\addons\cup_weapons_pk.pbo - unknown
20:56:09 D:\Arma 3\steamapps\common\Arma 3 Server\@CUP Weapons\addons\cup_weapons_pods.pbo - unknown
20:56:09 D:\Arma 3\steamapps\common\Arma 3 Server\@CUP Weapons\addons\cup_weapons_put.pbo - unknown
20:56:09 D:\Arma 3\steamapps\common\Arma 3 Server\@CUP Weapons\addons\cup_weapons_revolver.pbo - unknown
20:56:09 D:\Arma 3\steamapps\common\Arma 3 Server\@CUP Weapons\addons\cup_weapons_rpg18.pbo - unknown
20:56:09 D:\Arma 3\steamapps\common\Arma 3 Server\@CUP Weapons\addons\cup_weapons_rpg7.pbo - unknown
20:56:09 D:\Arma 3\steamapps\common\Arma 3 Server\@CUP Weapons\addons\cup_weapons_sa58.pbo - unknown
20:56:09 D:\Arma 3\steamapps\common\Arma 3 Server\@CUP Weapons\addons\cup_weapons_sa61.pbo - unknown
20:56:09 D:\Arma 3\steamapps\common\Arma 3 Server\@CUP Weapons\addons\cup_weapons_saiga12k.pbo - unknown
20:56:09 D:\Arma 3\steamapps\common\Arma 3 Server\@CUP Weapons\addons\cup_weapons_scar.pbo - unknown
20:56:09 D:\Arma 3\steamapps\common\Arma 3 Server\@CUP Weapons\addons\cup_weapons_smaw.pbo - unknown
20:56:09 D:\Arma 3\steamapps\common\Arma 3 Server\@CUP Weapons\addons\cup_weapons_staticweapons.pbo - unknown
20:56:09 D:\Arma 3\steamapps\common\Arma 3 Server\@CUP Weapons\addons\cup_weapons_stinger.pbo - unknown
20:56:09 D:\Arma 3\steamapps\common\Arma 3 Server\@CUP Weapons\addons\cup_weapons_strela_2.pbo - unknown
20:56:09 D:\Arma 3\steamapps\common\Arma 3 Server\@CUP Weapons\addons\cup_weapons_svd.pbo - unknown
20:56:09 D:\Arma 3\steamapps\common\Arma 3 Server\@CUP Weapons\addons\cup_weapons_uk59.pbo - unknown
20:56:09 D:\Arma 3\steamapps\common\Arma 3 Server\@CUP Weapons\addons\cup_weapons_vehicleweapons.pbo - unknown
20:56:09 D:\Arma 3\steamapps\common\Arma 3 Server\@CUP Weapons\addons\cup_weapons_vss.pbo - unknown
20:56:09 D:\Arma 3\steamapps\common\Arma 3 Server\@CUP Weapons\addons\cup_weapons_weaponscore.pbo - unknown
20:56:09 D:\Arma 3\steamapps\common\Arma 3 Server\@CUP Weapons\addons\cup_weapons_weaponsdata.pbo - unknown
20:56:09 D:\Arma 3\steamapps\common\Arma 3 Server\@CUP Weapons\addons\cup_weapons_west_attachments.pbo - unknown
20:56:09 D:\Arma 3\steamapps\common\Arma 3 Server\@CUP Weapons\addons\cup_weapons_xm8.pbo - unknown
20:56:09 D:\Arma 3\steamapps\common\Arma 3 Server\@CUP Vehicles\addons\cup_airvehicles_a10.pbo - unknown
20:56:09 D:\Arma 3\steamapps\common\Arma 3 Server\@CUP Vehicles\addons\cup_airvehicles_ah1z.pbo - unknown
20:56:09 D:\Arma 3\steamapps\common\Arma 3 Server\@CUP Vehicles\addons\cup_airvehicles_ah64.pbo - unknown
20:56:09 D:\Arma 3\steamapps\common\Arma 3 Server\@CUP Vehicles\addons\cup_airvehicles_av8b.pbo - unknown
20:56:09 D:\Arma 3\steamapps\common\Arma 3 Server\@CUP Vehicles\addons\cup_airvehicles_aw159.pbo - unknown
20:56:09 D:\Arma 3\steamapps\common\Arma 3 Server\@CUP Vehicles\addons\cup_airvehicles_c130j.pbo - unknown
20:56:09 D:\Arma 3\steamapps\common\Arma 3 Server\@CUP Vehicles\addons\cup_airvehicles_ch47.pbo - unknown
20:56:09 D:\Arma 3\steamapps\common\Arma 3 Server\@CUP Vehicles\addons\cup_airvehicles_ch53e.pbo - unknown
20:56:09 D:\Arma 3\steamapps\common\Arma 3 Server\@CUP Vehicles\addons\cup_airvehicles_core.pbo - unknown
20:56:09 D:\Arma 3\steamapps\common\Arma 3 Server\@CUP Vehicles\addons\cup_airvehicles_dc3.pbo - unknown
20:56:09 D:\Arma 3\steamapps\common\Arma 3 Server\@CUP Vehicles\addons\cup_airvehicles_f35.pbo - unknown
20:56:09 D:\Arma 3\steamapps\common\Arma 3 Server\@CUP Vehicles\addons\cup_airvehicles_hc3.pbo - unknown
20:56:09 D:\Arma 3\steamapps\common\Arma 3 Server\@CUP Vehicles\addons\cup_airvehicles_ka50.pbo - unknown
20:56:09 D:\Arma 3\steamapps\common\Arma 3 Server\@CUP Vehicles\addons\cup_airvehicles_mh60s.pbo - unknown
20:56:09 D:\Arma 3\steamapps\common\Arma 3 Server\@CUP Vehicles\addons\cup_airvehicles_mi24.pbo - unknown
20:56:09 D:\Arma 3\steamapps\common\Arma 3 Server\@CUP Vehicles\addons\cup_airvehicles_mi6.pbo - unknown
20:56:09 D:\Arma 3\steamapps\common\Arma 3 Server\@CUP Vehicles\addons\cup_airvehicles_mi8.pbo - unknown
20:56:09 D:\Arma 3\steamapps\common\Arma 3 Server\@CUP Vehicles\addons\cup_airvehicles_mq9.pbo - unknown
20:56:09 D:\Arma 3\steamapps\common\Arma 3 Server\@CUP Vehicles\addons\cup_airvehicles_mv22.pbo - unknown
20:56:09 D:\Arma 3\steamapps\common\Arma 3 Server\@CUP Vehicles\addons\cup_airvehicles_sa330.pbo - unknown
20:56:09 D:\Arma 3\steamapps\common\Arma 3 Server\@CUP Vehicles\addons\cup_airvehicles_su25.pbo - unknown
20:56:09 D:\Arma 3\steamapps\common\Arma 3 Server\@CUP Vehicles\addons\cup_airvehicles_su34.pbo - unknown
20:56:09 D:\Arma 3\steamapps\common\Arma 3 Server\@CUP Vehicles\addons\cup_airvehicles_uh1h.pbo - unknown
20:56:09 D:\Arma 3\steamapps\common\Arma 3 Server\@CUP Vehicles\addons\cup_airvehicles_uh1y.pbo - unknown
20:56:09 D:\Arma 3\steamapps\common\Arma 3 Server\@CUP Vehicles\addons\cup_airvehicles_uh60.pbo - unknown
20:56:09 D:\Arma 3\steamapps\common\Arma 3 Server\@CUP Vehicles\addons\cup_trackedvehicles_aav.pbo - unknown
20:56:09 D:\Arma 3\steamapps\common\Arma 3 Server\@CUP Vehicles\addons\cup_trackedvehicles_bmp.pbo - unknown
20:56:09 D:\Arma 3\steamapps\common\Arma 3 Server\@CUP Vehicles\addons\cup_trackedvehicles_bradley.pbo - unknown
20:56:09 D:\Arma 3\steamapps\common\Arma 3 Server\@CUP Vehicles\addons\cup_trackedvehicles_core.pbo - unknown
20:56:09 D:\Arma 3\steamapps\common\Arma 3 Server\@CUP Vehicles\addons\cup_trackedvehicles_m113.pbo - unknown
20:56:09 D:\Arma 3\steamapps\common\Arma 3 Server\@CUP Vehicles\addons\cup_trackedvehicles_m1_abrams.pbo - unknown
20:56:09 D:\Arma 3\steamapps\common\Arma 3 Server\@CUP Vehicles\addons\cup_trackedvehicles_m270.pbo - unknown
20:56:09 D:\Arma 3\steamapps\common\Arma 3 Server\@CUP Vehicles\addons\cup_trackedvehicles_sounds.pbo - unknown
20:56:09 D:\Arma 3\steamapps\common\Arma 3 Server\@CUP Vehicles\addons\cup_trackedvehicles_t34.pbo - unknown
20:56:09 D:\Arma 3\steamapps\common\Arma 3 Server\@CUP Vehicles\addons\cup_trackedvehicles_t55.pbo - unknown
20:56:09 D:\Arma 3\steamapps\common\Arma 3 Server\@CUP Vehicles\addons\cup_trackedvehicles_t72.pbo - unknown
20:56:09 D:\Arma 3\steamapps\common\Arma 3 Server\@CUP Vehicles\addons\cup_trackedvehicles_zsu23.pbo - unknown
20:56:09 D:\Arma 3\steamapps\common\Arma 3 Server\@CUP Vehicles\addons\cup_vehicles_cfggroups.pbo - unknown
20:56:09 D:\Arma 3\steamapps\common\Arma 3 Server\@CUP Vehicles\addons\cup_watervehicles_core.pbo - unknown
20:56:09 D:\Arma 3\steamapps\common\Arma 3 Server\@CUP Vehicles\addons\cup_watervehicles_fishing_boat.pbo - unknown
20:56:09 D:\Arma 3\steamapps\common\Arma 3 Server\@CUP Vehicles\addons\cup_watervehicles_lhd.pbo - unknown
20:56:09 D:\Arma 3\steamapps\common\Arma 3 Server\@CUP Vehicles\addons\cup_watervehicles_rhib.pbo - unknown
20:56:09 D:\Arma 3\steamapps\common\Arma 3 Server\@CUP Vehicles\addons\cup_watervehicles_seafox.pbo - 1
20:56:09 D:\Arma 3\steamapps\common\Arma 3 Server\@CUP Vehicles\addons\cup_watervehicles_weapons.pbo - unknown
20:56:09 D:\Arma 3\steamapps\common\Arma 3 Server\@CUP Vehicles\addons\cup_watervehicles_zodiac.pbo - unknown
20:56:09 D:\Arma 3\steamapps\common\Arma 3 Server\@CUP Vehicles\addons\cup_wheeledvehicles_brdm2.pbo - unknown
20:56:09 D:\Arma 3\steamapps\common\Arma 3 Server\@CUP Vehicles\addons\cup_wheeledvehicles_btr60.pbo - unknown
20:56:09 D:\Arma 3\steamapps\common\Arma 3 Server\@CUP Vehicles\addons\cup_wheeledvehicles_btr90.pbo - unknown
20:56:09 D:\Arma 3\steamapps\common\Arma 3 Server\@CUP Vehicles\addons\cup_wheeledvehicles_core.pbo - unknown
20:56:09 D:\Arma 3\steamapps\common\Arma 3 Server\@CUP Vehicles\addons\cup_wheeledvehicles_datsun.pbo - unknown
20:56:09 D:\Arma 3\steamapps\common\Arma 3 Server\@CUP Vehicles\addons\cup_wheeledvehicles_dingo.pbo - unknown
20:56:09 D:\Arma 3\steamapps\common\Arma 3 Server\@CUP Vehicles\addons\cup_wheeledvehicles_hmmwv.pbo - unknown
20:56:09 D:\Arma 3\steamapps\common\Arma 3 Server\@CUP Vehicles\addons\cup_wheeledvehicles_jackal.pbo - unknown
20:56:09 D:\Arma 3\steamapps\common\Arma 3 Server\@CUP Vehicles\addons\cup_wheeledvehicles_lav25.pbo - unknown
20:56:09 D:\Arma 3\steamapps\common\Arma 3 Server\@CUP Vehicles\addons\cup_wheeledvehicles_lr.pbo - unknown
20:56:09 D:\Arma 3\steamapps\common\Arma 3 Server\@CUP Vehicles\addons\cup_wheeledvehicles_m1030.pbo - unknown
20:56:09 D:\Arma 3\steamapps\common\Arma 3 Server\@CUP Vehicles\addons\cup_wheeledvehicles_octavia.pbo - unknown
20:56:09 D:\Arma 3\steamapps\common\Arma 3 Server\@CUP Vehicles\addons\cup_wheeledvehicles_rg31.pbo - unknown
20:56:09 D:\Arma 3\steamapps\common\Arma 3 Server\@CUP Vehicles\addons\cup_wheeledvehicles_skoda.pbo - unknown
20:56:09 D:\Arma 3\steamapps\common\Arma 3 Server\@CUP Vehicles\addons\cup_wheeledvehicles_stryker.pbo - unknown
20:56:09 D:\Arma 3\steamapps\common\Arma 3 Server\@CUP Vehicles\addons\cup_wheeledvehicles_suv.pbo - unknown
20:56:09 D:\Arma 3\steamapps\common\Arma 3 Server\@CUP Vehicles\addons\cup_wheeledvehicles_towingtractor.pbo - unknown
20:56:09 D:\Arma 3\steamapps\common\Arma 3 Server\@CUP Vehicles\addons\cup_wheeledvehicles_uaz.pbo - unknown
20:56:09 D:\Arma 3\steamapps\common\Arma 3 Server\@CUP Vehicles\addons\cup_wheeledvehicles_ural.pbo - unknown
20:56:09 D:\Arma 3\steamapps\common\Arma 3 Server\@CUP Vehicles\addons\cup_wheeledvehicles_vwgolf.pbo - unknown
20:56:09 D:\Arma 3\steamapps\common\Arma 3 Server\@CUP Units\addons\cup_creatures_people_civil_chernarus.pbo - unknown
20:56:09 D:\Arma 3\steamapps\common\Arma 3 Server\@CUP Units\addons\cup_creatures_people_core.pbo - unknown
20:56:09 D:\Arma 3\steamapps\common\Arma 3 Server\@CUP Units\addons\cup_creatures_people_military_acr.pbo - unknown
20:56:09 D:\Arma 3\steamapps\common\Arma 3 Server\@CUP Units\addons\cup_creatures_people_military_baf.pbo - unknown
20:56:09 D:\Arma 3\steamapps\common\Arma 3 Server\@CUP Units\addons\cup_creatures_people_military_dummyinfantryset.pbo - unknown
20:56:09 D:\Arma 3\steamapps\common\Arma 3 Server\@CUP Units\addons\cup_creatures_people_military_germany.pbo - unknown
20:56:09 D:\Arma 3\steamapps\common\Arma 3 Server\@CUP Units\addons\cup_creatures_people_military_napa.pbo - unknown
20:56:09 D:\Arma 3\steamapps\common\Arma 3 Server\@CUP Units\addons\cup_creatures_people_military_pmc.pbo - unknown
20:56:09 D:\Arma 3\steamapps\common\Arma 3 Server\@CUP Units\addons\cup_creatures_people_military_racs.pbo - unknown
20:56:09 D:\Arma 3\steamapps\common\Arma 3 Server\@CUP Units\addons\cup_creatures_people_military_sla.pbo - unknown
20:56:09 D:\Arma 3\steamapps\common\Arma 3 Server\@CUP Units\addons\cup_creatures_people_military_taki.pbo - unknown
20:56:09 D:\Arma 3\steamapps\common\Arma 3 Server\@CUP Units\addons\cup_creatures_people_military_takiinsurgents.pbo - unknown
20:56:09 D:\Arma 3\steamapps\common\Arma 3 Server\@CUP Units\addons\cup_creatures_people_military_usmc.pbo - unknown
20:56:09 D:\Arma 3\steamapps\common\Arma 3 Server\@NSS Admin Console\addons\nss admin console.pbo - unknown
20:56:09 D:\Arma 3\steamapps\common\Arma 3 Server\@Jonzie Mega Mod Pack\addons\jonzie_30csl.pbo - unknown
20:56:09 D:\Arma 3\steamapps\common\Arma 3 Server\@Jonzie Mega Mod Pack\addons\jonzie_ambulance.pbo - unknown
20:56:09 D:\Arma 3\steamapps\common\Arma 3 Server\@Jonzie Mega Mod Pack\addons\jonzie_carpack.pbo - unknown
20:56:09 D:\Arma 3\steamapps\common\Arma 3 Server\@Jonzie Mega Mod Pack\addons\jonzie_ceed.pbo - unknown
20:56:09 D:\Arma 3\steamapps\common\Arma 3 Server\@Jonzie Mega Mod Pack\addons\jonzie_code.pbo - unknown
20:56:09 D:\Arma 3\steamapps\common\Arma 3 Server\@Jonzie Mega Mod Pack\addons\jonzie_corolla.pbo - unknown
20:56:09 D:\Arma 3\steamapps\common\Arma 3 Server\@Jonzie Mega Mod Pack\addons\jonzie_datsun_510.pbo - unknown
20:56:09 D:\Arma 3\steamapps\common\Arma 3 Server\@Jonzie Mega Mod Pack\addons\jonzie_datsun_z432.pbo - unknown
20:56:09 D:\Arma 3\steamapps\common\Arma 3 Server\@Jonzie Mega Mod Pack\addons\jonzie_escalade.pbo - unknown
20:56:09 D:\Arma 3\steamapps\common\Arma 3 Server\@Jonzie Mega Mod Pack\addons\jonzie_forklift.pbo - unknown
20:56:09 D:\Arma 3\steamapps\common\Arma 3 Server\@Jonzie Mega Mod Pack\addons\jonzie_galant.pbo - unknown
20:56:09 D:\Arma 3\steamapps\common\Arma 3 Server\@Jonzie Mega Mod Pack\addons\jonzie_highway_patrol.pbo - unknown
20:56:09 D:\Arma 3\steamapps\common\Arma 3 Server\@Jonzie Mega Mod Pack\addons\jonzie_lightbar.pbo - unknown
20:56:09 D:\Arma 3\steamapps\common\Arma 3 Server\@Jonzie Mega Mod Pack\addons\jonzie_mini_cooper.pbo - unknown
20:56:09 D:\Arma 3\steamapps\common\Arma 3 Server\@Jonzie Mega Mod Pack\addons\jonzie_quattroporte.pbo - unknown
20:56:09 D:\Arma 3\steamapps\common\Arma 3 Server\@Jonzie Mega Mod Pack\addons\jonzie_raptor.pbo - unknown
20:56:09 D:\Arma 3\steamapps\common\Arma 3 Server\@Jonzie Mega Mod Pack\addons\jonzie_sounds.pbo - unknown
20:56:09 D:\Arma 3\steamapps\common\Arma 3 Server\@Jonzie Mega Mod Pack\addons\jonzie_sti.pbo - unknown
20:56:09 D:\Arma 3\steamapps\common\Arma 3 Server\@Jonzie Mega Mod Pack\addons\jonzie_superliner.pbo - unknown
20:56:09 D:\Arma 3\steamapps\common\Arma 3 Server\@Jonzie Mega Mod Pack\addons\jonzie_tow_truck.pbo - unknown
20:56:09 D:\Arma 3\steamapps\common\Arma 3 Server\@Jonzie Mega Mod Pack\addons\jonzie_trailer_pack.pbo - unknown
20:56:09 D:\Arma 3\steamapps\common\Arma 3 Server\@Jonzie Mega Mod Pack\addons\jonzie_transit.pbo - unknown
20:56:09 D:\Arma 3\steamapps\common\Arma 3 Server\@Jonzie Mega Mod Pack\addons\jonzie_ve.pbo - unknown
20:56:09 D:\Arma 3\steamapps\common\Arma 3 Server\@Jonzie Mega Mod Pack\addons\jonzie_viper.pbo - unknown
20:56:09 D:\Arma 3\steamapps\common\Arma 3 Server\@Jonzie Mega Mod Pack\addons\jonzie_western.pbo - unknown
20:56:09 D:\Arma 3\steamapps\common\Arma 3 Server\@Jonzie Mega Mod Pack\addons\jonzie_xb.pbo - unknown
20:56:09 D:\Arma 3\steamapps\common\Arma 3 Server\@infiSTAR_A3\addons\a3_infistar.pbo - unknown
20:56:09 D:\Arma 3\steamapps\common\Arma 3 Server\@CBA_A3\addons\cba_ai.pbo - 0b33c3c4
20:56:09 D:\Arma 3\steamapps\common\Arma 3 Server\@CBA_A3\addons\cba_arrays.pbo - 0b33c3c4
20:56:09 D:\Arma 3\steamapps\common\Arma 3 Server\@CBA_A3\addons\cba_common.pbo - 0b33c3c4
20:56:09 D:\Arma 3\steamapps\common\Arma 3 Server\@CBA_A3\addons\cba_diagnostic.pbo - 0b33c3c4
20:56:09 D:\Arma 3\steamapps\common\Arma 3 Server\@CBA_A3\addons\cba_events.pbo - 0b33c3c4
20:56:09 D:\Arma 3\steamapps\common\Arma 3 Server\@CBA_A3\addons\cba_hashes.pbo - 0b33c3c4
20:56:09 D:\Arma 3\steamapps\common\Arma 3 Server\@CBA_A3\addons\cba_help.pbo - 0b33c3c4
20:56:09 D:\Arma 3\steamapps\common\Arma 3 Server\@CBA_A3\addons\cba_jr.pbo - 0b33c3c4
20:56:09 D:\Arma 3\steamapps\common\Arma 3 Server\@CBA_A3\addons\cba_jr_prep.pbo - 0b33c3c4
20:56:09 D:\Arma 3\steamapps\common\Arma 3 Server\@CBA_A3\addons\cba_keybinding.pbo - 0b33c3c4
20:56:09 D:\Arma 3\steamapps\common\Arma 3 Server\@CBA_A3\addons\cba_main.pbo - 0b33c3c4
20:56:09 D:\Arma 3\steamapps\common\Arma 3 Server\@CBA_A3\addons\cba_main_a3.pbo - 0b33c3c4
20:56:09 D:\Arma 3\steamapps\common\Arma 3 Server\@CBA_A3\addons\cba_network.pbo - 0b33c3c4
20:56:09 D:\Arma 3\steamapps\common\Arma 3 Server\@CBA_A3\addons\cba_strings.pbo - 0b33c3c4
20:56:09 D:\Arma 3\steamapps\common\Arma 3 Server\@CBA_A3\addons\cba_ui.pbo - 0b33c3c4
20:56:09 D:\Arma 3\steamapps\common\Arma 3 Server\@CBA_A3\addons\cba_ui_helper.pbo - 0b33c3c4
20:56:09 D:\Arma 3\steamapps\common\Arma 3 Server\@CBA_A3\addons\cba_vectors.pbo - 0b33c3c4
20:56:09 D:\Arma 3\steamapps\common\Arma 3 Server\@CBA_A3\addons\cba_versioning.pbo - 0b33c3c4
20:56:09 D:\Arma 3\steamapps\common\Arma 3 Server\@CBA_A3\addons\cba_xeh.pbo - 0b33c3c4
20:56:09 D:\Arma 3\steamapps\common\Arma 3 Server\mark\addons\anims_f_mark.pbo - 87643
20:56:09 D:\Arma 3\steamapps\common\Arma 3 Server\mark\addons\characters_f_mark.pbo - 92219
20:56:09 D:\Arma 3\steamapps\common\Arma 3 Server\mark\addons\data_f_mark.pbo - 91796
20:56:09 D:\Arma 3\steamapps\common\Arma 3 Server\mark\addons\dubbing_f_mark.pbo - 81923
20:56:09 D:\Arma 3\steamapps\common\Arma 3 Server\mark\addons\dubbing_f_mp_mark.pbo - 81923
20:56:09 D:\Arma 3\steamapps\common\Arma 3 Server\mark\addons\functions_f_mark.pbo - 92129
20:56:09 D:\Arma 3\steamapps\common\Arma 3 Server\mark\addons\functions_f_mp_mark.pbo - 92347
20:56:09 D:\Arma 3\steamapps\common\Arma 3 Server\mark\addons\languagemissions_f_mark.pbo - 93293
20:56:09 D:\Arma 3\steamapps\common\Arma 3 Server\mark\addons\languagemissions_f_mp_mark.pbo - 93293
20:56:09 D:\Arma 3\steamapps\common\Arma 3 Server\mark\addons\language_f_mark.pbo - 93293
20:56:09 D:\Arma 3\steamapps\common\Arma 3 Server\mark\addons\language_f_mp_mark.pbo - 93293
20:56:09 D:\Arma 3\steamapps\common\Arma 3 Server\mark\addons\missions_f_mark.pbo - 92020
20:56:09 D:\Arma 3\steamapps\common\Arma 3 Server\mark\addons\missions_f_mark_data.pbo - 88838
20:56:09 D:\Arma 3\steamapps\common\Arma 3 Server\mark\addons\missions_f_mark_video.pbo - 81429
20:56:09 D:\Arma 3\steamapps\common\Arma 3 Server\mark\addons\missions_f_mp_mark.pbo - 91962
20:56:09 D:\Arma 3\steamapps\common\Arma 3 Server\mark\addons\missions_f_mp_mark_data.pbo - 90131
20:56:09 D:\Arma 3\steamapps\common\Arma 3 Server\mark\addons\modules_f_mark.pbo - 91796
20:56:09 D:\Arma 3\steamapps\common\Arma 3 Server\mark\addons\modules_f_mp_mark.pbo - 92210
20:56:09 D:\Arma 3\steamapps\common\Arma 3 Server\mark\addons\music_f_mark.pbo - 81958
20:56:09 D:\Arma 3\steamapps\common\Arma 3 Server\mark\addons\music_f_mark_music.pbo - 81930
20:56:09 D:\Arma 3\steamapps\common\Arma 3 Server\mark\addons\sounds_f_mark.pbo - 93397
20:56:09 D:\Arma 3\steamapps\common\Arma 3 Server\mark\addons\static_f_mark.pbo - 92219
20:56:09 D:\Arma 3\steamapps\common\Arma 3 Server\mark\addons\structures_f_mark.pbo - 92417
20:56:09 D:\Arma 3\steamapps\common\Arma 3 Server\mark\addons\supplies_f_mark.pbo - 91796
20:56:09 D:\Arma 3\steamapps\common\Arma 3 Server\mark\addons\ui_f_mark.pbo - 84397
20:56:09 D:\Arma 3\steamapps\common\Arma 3 Server\mark\addons\ui_f_mp_mark.pbo - 92052
20:56:09 D:\Arma 3\steamapps\common\Arma 3 Server\mark\addons\weapons_f_mark.pbo - 92549
20:56:09 D:\Arma 3\steamapps\common\Arma 3 Server\heli\addons\air_f_heli.pbo - 93382
20:56:09 D:\Arma 3\steamapps\common\Arma 3 Server\heli\addons\anims_f_heli.pbo - 92014
20:56:09 D:\Arma 3\steamapps\common\Arma 3 Server\heli\addons\boat_f_heli.pbo - 91796
20:56:09 D:\Arma 3\steamapps\common\Arma 3 Server\heli\addons\cargoposes_f_heli.pbo - 91484
20:56:09 D:\Arma 3\steamapps\common\Arma 3 Server\heli\addons\data_f_heli.pbo - 91796
20:56:09 D:\Arma 3\steamapps\common\Arma 3 Server\heli\addons\dubbing_f_heli.pbo - 75138
20:56:09 D:\Arma 3\steamapps\common\Arma 3 Server\heli\addons\functions_f_heli.pbo - 91673
20:56:09 D:\Arma 3\steamapps\common\Arma 3 Server\heli\addons\languagemissions_f_heli.pbo - 93293
20:56:09 D:\Arma 3\steamapps\common\Arma 3 Server\heli\addons\language_f_heli.pbo - 93293
20:56:09 D:\Arma 3\steamapps\common\Arma 3 Server\heli\addons\missions_f_heli.pbo - 91795
20:56:09 D:\Arma 3\steamapps\common\Arma 3 Server\heli\addons\missions_f_heli_data.pbo - 75977
20:56:09 D:\Arma 3\steamapps\common\Arma 3 Server\heli\addons\missions_f_heli_video.pbo - 75065
20:56:09 D:\Arma 3\steamapps\common\Arma 3 Server\heli\addons\modules_f_heli.pbo - 91795
20:56:09 D:\Arma 3\steamapps\common\Arma 3 Server\heli\addons\music_f_heli.pbo - 87643
20:56:09 D:\Arma 3\steamapps\common\Arma 3 Server\heli\addons\music_f_heli_music.pbo - 87643
20:56:09 D:\Arma 3\steamapps\common\Arma 3 Server\heli\addons\soft_f_heli.pbo - 91798
20:56:09 D:\Arma 3\steamapps\common\Arma 3 Server\heli\addons\sounds_f_heli.pbo - 79398
20:56:09 D:\Arma 3\steamapps\common\Arma 3 Server\heli\addons\structures_f_heli.pbo - 92499
20:56:09 D:\Arma 3\steamapps\common\Arma 3 Server\heli\addons\supplies_f_heli.pbo - 92499
20:56:09 D:\Arma 3\steamapps\common\Arma 3 Server\heli\addons\ui_f_heli.pbo - 76986
20:56:09 D:\Arma 3\steamapps\common\Arma 3 Server\kart\addons\anims_f_kart.pbo - 80475
20:56:09 D:\Arma 3\steamapps\common\Arma 3 Server\kart\addons\characters_f_kart.pbo - 92295
20:56:09 D:\Arma 3\steamapps\common\Arma 3 Server\kart\addons\data_f_kart.pbo - 91796
20:56:09 D:\Arma 3\steamapps\common\Arma 3 Server\kart\addons\languagemissions_f_kart.pbo - 93242
20:56:09 D:\Arma 3\steamapps\common\Arma 3 Server\kart\addons\language_f_kart.pbo - 93293
20:56:09 D:\Arma 3\steamapps\common\Arma 3 Server\kart\addons\missions_f_kart.pbo - 89758
20:56:09 D:\Arma 3\steamapps\common\Arma 3 Server\kart\addons\missions_f_kart_data.pbo - 75687
20:56:09 D:\Arma 3\steamapps\common\Arma 3 Server\kart\addons\modules_f_kart.pbo - 92406
20:56:09 D:\Arma 3\steamapps\common\Arma 3 Server\kart\addons\modules_f_kart_data.pbo - 91796
20:56:09 D:\Arma 3\steamapps\common\Arma 3 Server\kart\addons\soft_f_kart.pbo - 92219
20:56:09 D:\Arma 3\steamapps\common\Arma 3 Server\kart\addons\sounds_f_kart.pbo - 79398
20:56:09 D:\Arma 3\steamapps\common\Arma 3 Server\kart\addons\structures_f_kart.pbo - 92417
20:56:09 D:\Arma 3\steamapps\common\Arma 3 Server\kart\addons\ui_f_kart.pbo - 73106
20:56:09 D:\Arma 3\steamapps\common\Arma 3 Server\kart\addons\weapons_f_kart.pbo - 92332
20:56:09 D:\Arma 3\steamapps\common\Arma 3 Server\curator\addons\data_f_curator.pbo - 92825
20:56:09 D:\Arma 3\steamapps\common\Arma 3 Server\curator\addons\functions_f_curator.pbo - 92869
20:56:09 D:\Arma 3\steamapps\common\Arma 3 Server\curator\addons\language_f_curator.pbo - 93293
20:56:09 D:\Arma 3\steamapps\common\Arma 3 Server\curator\addons\missions_f_curator.pbo - 91795
20:56:09 D:\Arma 3\steamapps\common\Arma 3 Server\curator\addons\modules_f_curator.pbo - 92935
20:56:09 D:\Arma 3\steamapps\common\Arma 3 Server\curator\addons\ui_f_curator.pbo - 90981
20:56:09 addons\3den.pbo - 93478
20:56:09 addons\3den_language.pbo - 93293
20:56:09 addons\a3.pbo - unknown
20:56:09 addons\air_f.pbo - 92215
20:56:09 addons\air_f_beta.pbo - 92216
20:56:09 addons\air_f_epb.pbo - 92217
20:56:09 addons\air_f_epc.pbo - 92217
20:56:09 addons\air_f_gamma.pbo - 92217
20:56:09 addons\animals_f.pbo - 93217
20:56:09 addons\animals_f_beta.pbo - 91796
20:56:09 addons\anims_f.pbo - 92711
20:56:09 addons\anims_f_bootcamp.pbo - 88948
20:56:09 addons\anims_f_data.pbo - 92643
20:56:09 addons\anims_f_epa.pbo - 89360
20:56:09 addons\anims_f_epc.pbo - 79126
20:56:09 addons\anims_f_exp_a.pbo - 92435
20:56:09 addons\armor_f.pbo - 91796
20:56:09 addons\armor_f_beta.pbo - 92295
20:56:09 addons\armor_f_epb.pbo - 92218
20:56:09 addons\armor_f_epc.pbo - 91793
20:56:09 addons\armor_f_gamma.pbo - 92218
20:56:09 addons\baseconfig_f.pbo - 73106
20:56:09 addons\boat_f.pbo - 92387
20:56:09 addons\boat_f_beta.pbo - 92219
20:56:09 addons\boat_f_epc.pbo - 92219
20:56:09 addons\boat_f_gamma.pbo - 92649
20:56:09 addons\cargoposes_f.pbo - 93278
20:56:09 addons\characters_f.pbo - 92499
20:56:09 addons\characters_f_beta.pbo - 91796
20:56:09 addons\characters_f_bootcamp.pbo - 91796
20:56:09 addons\characters_f_epa.pbo - 91796
20:56:09 addons\characters_f_epb.pbo - 91796
20:56:09 addons\characters_f_epc.pbo - 91796
20:56:09 addons\characters_f_gamma.pbo - 91796
20:56:09 addons\data_f.pbo - 92794
20:56:09 addons\data_f_bootcamp.pbo - 91796
20:56:09 addons\data_f_exp_a.pbo - 92638
20:56:09 addons\data_f_exp_b.pbo - 92546
20:56:09 addons\drones_f.pbo - 92219
20:56:09 addons\dubbing_f.pbo - 73106
20:56:09 addons\dubbing_f_beta.pbo - 73106
20:56:09 addons\dubbing_f_bootcamp.pbo - 87093
20:56:09 addons\dubbing_f_epa.pbo - 73106
20:56:09 addons\dubbing_f_epb.pbo - 76110
20:56:09 addons\dubbing_f_epc.pbo - 87001
20:56:09 addons\dubbing_f_gamma.pbo - 73106
20:56:09 addons\dubbing_radio_f.pbo - 89312
20:56:09 addons\dubbing_radio_f_data_eng.pbo - 92967
20:56:09 addons\dubbing_radio_f_data_engb.pbo - 89130
20:56:09 addons\dubbing_radio_f_data_gre.pbo - 89130
20:56:09 addons\dubbing_radio_f_data_per.pbo - 89130
20:56:09 addons\dubbing_radio_f_data_vr.pbo - 89130
20:56:09 addons\editor_f.pbo - 82563
20:56:09 addons\functions_f.pbo - 93806
20:56:09 addons\functions_f_bootcamp.pbo - 92936
20:56:09 addons\functions_f_epa.pbo - 91671
20:56:09 addons\functions_f_epc.pbo - 91673
20:56:09 addons\functions_f_exp_a.pbo - 92211
20:56:09 addons\languagemissions_f.pbo - 93293
20:56:09 addons\languagemissions_f_beta.pbo - 93293
20:56:09 addons\languagemissions_f_bootcamp.pbo - 93293
20:56:09 addons\languagemissions_f_epa.pbo - 93293
20:56:09 addons\languagemissions_f_epb.pbo - 93293
20:56:09 addons\languagemissions_f_epc.pbo - 93293
20:56:09 addons\languagemissions_f_exp_a.pbo - 93293
20:56:09 addons\languagemissions_f_gamma.pbo - 93293
20:56:09 addons\language_f.pbo - 93293
20:56:09 addons\language_f_beta.pbo - 93293
20:56:09 addons\language_f_bootcamp.pbo - 93293
20:56:09 addons\language_f_epa.pbo - 93293
20:56:09 addons\language_f_epb.pbo - 93293
20:56:09 addons\language_f_epc.pbo - 93293
20:56:09 addons\language_f_exp_a.pbo - 93293
20:56:09 addons\language_f_exp_b.pbo - 93293
20:56:09 addons\language_f_gamma.pbo - 93293
20:56:09 addons\map_altis.pbo - 92834
20:56:09 addons\map_altis_data.pbo - 92834
20:56:09 addons\map_altis_data_layers.pbo - 92834
20:56:09 addons\map_altis_data_layers_00_00.pbo - 92834
20:56:09 addons\map_altis_data_layers_00_01.pbo - 92834
20:56:09 addons\map_altis_data_layers_01_00.pbo - 92834
20:56:09 addons\map_altis_data_layers_01_01.pbo - 92834
20:56:09 addons\map_altis_scenes_f.pbo - 73106
20:56:09 addons\map_data.pbo - 91860
20:56:09 addons\map_stratis.pbo - 91796
20:56:09 addons\map_stratis_data.pbo - 90788
20:56:09 addons\map_stratis_data_layers.pbo - 90788
20:56:09 addons\map_stratis_scenes_f.pbo - 73106
20:56:09 addons\map_vr.pbo - 91796
20:56:09 addons\map_vr_scenes_f.pbo - 90788
20:56:09 addons\misc_f.pbo - 92499
20:56:09 addons\missions_f.pbo - 92743
20:56:09 addons\missions_f_beta.pbo - 92020
20:56:09 addons\missions_f_beta_data.pbo - 85005
20:56:09 addons\missions_f_beta_video.pbo - 73106
20:56:09 addons\missions_f_bootcamp.pbo - 91921
20:56:09 addons\missions_f_bootcamp_data.pbo - 72362
20:56:09 addons\missions_f_bootcamp_video.pbo - 75065
20:56:09 addons\missions_f_data.pbo - 92728
20:56:09 addons\missions_f_epa.pbo - 92525
20:56:09 addons\missions_f_epa_data.pbo - 73106
20:56:09 addons\missions_f_epa_video.pbo - 73106
20:56:09 addons\missions_f_epb.pbo - 92744
20:56:09 addons\missions_f_epb_data.pbo - 92728
20:56:09 addons\missions_f_epb_video.pbo - 73106
20:56:09 addons\missions_f_epc.pbo - 92211
20:56:09 addons\missions_f_epc_data.pbo - 84724
20:56:09 addons\missions_f_epc_video.pbo - 84725
20:56:09 addons\missions_f_exp_a.pbo - 91740
20:56:09 addons\missions_f_exp_a_data.pbo - 90131
20:56:09 addons\missions_f_gamma.pbo - 92020
20:56:09 addons\missions_f_gamma_data.pbo - 86243
20:56:09 addons\missions_f_gamma_video.pbo - 73106
20:56:09 addons\missions_f_video.pbo - 73106
20:56:09 addons\modules_f.pbo - 93384
20:56:09 addons\modules_f_beta.pbo - 92744
20:56:09 addons\modules_f_beta_data.pbo - 92729
20:56:09 addons\modules_f_bootcamp.pbo - 91795
20:56:09 addons\modules_f_data.pbo - 91796
20:56:09 addons\modules_f_epb.pbo - 91796
20:56:09 addons\modules_f_exp_a.pbo - 88829
20:56:09 addons\music_f.pbo - 73106
20:56:09 addons\music_f_bootcamp.pbo - 73106
20:56:09 addons\music_f_bootcamp_music.pbo - 73106
20:56:09 addons\music_f_epa.pbo - 73106
20:56:09 addons\music_f_epa_music.pbo - 73106
20:56:09 addons\music_f_epb.pbo - 73106
20:56:09 addons\music_f_epb_music.pbo - 73106
20:56:09 addons\music_f_epc.pbo - 87643
20:56:09 addons\music_f_epc_music.pbo - 73106
20:56:09 addons\music_f_music.pbo - 73106
20:56:09 addons\plants_f.pbo - 92798
20:56:09 addons\props_f_exp_a.pbo - 92219
20:56:09 addons\roads_f.pbo - 92417
20:56:09 addons\rocks_f.pbo - 91643
20:56:09 addons\signs_f.pbo - 92360
20:56:09 addons\soft_f.pbo - 92417
20:56:09 addons\soft_f_beta.pbo - 92219
20:56:09 addons\soft_f_bootcamp.pbo - 91798
20:56:09 addons\soft_f_epc.pbo - 92219
20:56:09 addons\soft_f_gamma.pbo - 92417
20:56:09 addons\sounds_f.pbo - 92963
20:56:09 addons\sounds_f_arsenal.pbo - 92964
20:56:09 addons\sounds_f_bootcamp.pbo - 91796
20:56:09 addons\sounds_f_characters.pbo - 90106
20:56:09 addons\sounds_f_environment.pbo - 88851
20:56:09 addons\sounds_f_epb.pbo - 88761
20:56:09 addons\sounds_f_epc.pbo - 86933
20:56:09 addons\sounds_f_exp_a.pbo - 88829
20:56:09 addons\sounds_f_sfx.pbo - 88881
20:56:09 addons\sounds_f_vehicles.pbo - 92131
20:56:09 addons\sounds_f_weapons.pbo - 84865
20:56:09 addons\static_f.pbo - 92794
20:56:09 addons\static_f_beta.pbo - 91798
20:56:09 addons\static_f_gamma.pbo - 91798
20:56:09 addons\structures_f.pbo - 92711
20:56:09 addons\structures_f_bootcamp.pbo - 92499
20:56:09 addons\structures_f_data.pbo - 91796
20:56:09 addons\structures_f_epa.pbo - 92499
20:56:09 addons\structures_f_epb.pbo - 92499
20:56:09 addons\structures_f_epc.pbo - 92417
20:56:09 addons\structures_f_exp_a.pbo - 91796
20:56:09 addons\structures_f_households.pbo - 92499
20:56:09 addons\structures_f_ind.pbo - 92499
20:56:09 addons\structures_f_mil.pbo - 93795
20:56:09 addons\structures_f_wrecks.pbo - 92360
20:56:09 addons\uifonts_f.pbo - 93100
20:56:09 addons\uifonts_f_data.pbo - 93149
20:56:09 addons\ui_f.pbo - 93138
20:56:09 addons\ui_f_bootcamp.pbo - 76325
20:56:09 addons\ui_f_data.pbo - 93060
20:56:09 addons\ui_f_exp_a.pbo - 92483
20:56:09 addons\weapons_f.pbo - 92834
20:56:09 addons\weapons_f_beta.pbo - 92208
20:56:09 addons\weapons_f_bootcamp.pbo - 91796
20:56:09 addons\weapons_f_epa.pbo - 91798
20:56:09 addons\weapons_f_epb.pbo - 91798
20:56:09 addons\weapons_f_epc.pbo - 91798
20:56:09 addons\weapons_f_gamma.pbo - 91798
20:56:09 
20:56:09 =======================
20:56:09 
20:56:09 ============================================================================================= List of mods ===============================================================================================
20:56:09 modsReadOnly = true
20:56:09 safeModsActivated = false
20:56:09 customMods = true
20:56:09 hash = 'D997275739C986D08A3B0514B490555C8FFDE5D9'
20:56:09 hashShort = '3405ce90'
20:56:09                                               name |               modDir |    default |               origin |                                     hash | hashShort | fullPath
20:56:09 ----------------------------------------------------------------------------------------------------------------------------------------------------------------------------------------------------------
20:56:09                                       @life_server |         @life_server |      false |             GAME DIR | 933e553b42f1ca4dd21a9b26855fae7acbee9d77 |  aae2b16b | D:\Arma 3\steamapps\common\Arma 3 Server\@life_server
20:56:09                                             @extDB |               @extDB |      false |             GAME DIR |                                          |           | D:\Arma 3\steamapps\common\Arma 3 Server\@extDB
20:56:09                                    CUP Weapons 1.5 |         @CUP Weapons |      false |             GAME DIR | 2041f0fd1ebc44e864942188a5ffde354e036354 |   a40cbe2 | D:\Arma 3\steamapps\common\Arma 3 Server\@CUP Weapons
20:56:09                                 CUP Vehicles - 1.2 |        @CUP Vehicles |      false |             GAME DIR | 7c581ecbe67ac692fb5d6b5677de535d2cf3dd40 |  3e0df511 | D:\Arma 3\steamapps\common\Arma 3 Server\@CUP Vehicles
20:56:09                                    CUP Units 1.2.2 |           @CUP Units |      false |             GAME DIR | 499d04a051a99f28efcc5bdecd57ce3e9ccac67a |  73f85e9d | D:\Arma 3\steamapps\common\Arma 3 Server\@CUP Units
20:56:09                                 @NSS Admin Console |   @NSS Admin Console |      false |             GAME DIR | 29e6ce8b6c3324f07586bac687f1fefc25f7b967 |  4278dc95 | D:\Arma 3\steamapps\common\Arma 3 Server\@NSS Admin Console
20:56:09                                    Jonzie Vehicles | @Jonzie Mega Mod Pack |      false |             GAME DIR | ec6514290292c0870af7f43331958cc87cf7d3ff |  2a92706c | D:\Arma 3\steamapps\common\Arma 3 Server\@Jonzie Mega Mod Pack
20:56:09                                       @infiSTAR_A3 |         @infiSTAR_A3 |      false |             GAME DIR | e85698fb4444f70198ba687f61f3530e4a78b958 |  8b586493 | D:\Arma 3\steamapps\common\Arma 3 Server\@infiSTAR_A3
20:56:09                       Community Base Addons v2.3.1 |              @CBA_A3 |      false |             GAME DIR | 0c5e0af4275f37a39b3799fa31c3f6c222b9e7ea |  bb14f7f0 | D:\Arma 3\steamapps\common\Arma 3 Server\@CBA_A3
20:56:09                                  Arma 3 DLC Bundle |            dlcbundle |       true |            NOT FOUND |                                          |           | 
20:56:09                                    Arma 3 Marksmen |                 mark |       true |             GAME DIR | ee2a34f8c08de27c3a3fae38611c439713520a93 |  b59d9aca | D:\Arma 3\steamapps\common\Arma 3 Server\mark
20:56:09                                 Arma 3 Helicopters |                 heli |       true |             GAME DIR | 2d6274ea02a85a5be45a58076928acdfa2829f0f |  475a9cb9 | D:\Arma 3\steamapps\common\Arma 3 Server\heli
20:56:09                                       Arma 3 Karts |                 kart |       true |             GAME DIR | 5551a1af2cb81f522af90065a6d663089851c32b |  618aafea | D:\Arma 3\steamapps\common\Arma 3 Server\kart
20:56:09                                        Arma 3 Zeus |              curator |       true |             GAME DIR | c33f513e3eca4e82f790da3986a4264f57719bc5 |  ba819c35 | D:\Arma 3\steamapps\common\Arma 3 Server\curator
20:56:09                                             Arma 3 |                   A3 |       true |            NOT FOUND |                                          |           | 
20:56:09 ==========================================================================================================================================================================================================
20:56:09 InitSound ...
20:56:09 InitSound - complete
20:56:09 PhysX3 SDK Init started ...
20:56:09 PhysX3 SDK Init ended.
20:56:11 Attempt to override final function - rscminimap_script
20:56:11 Attempt to override final function - rscdisplayloading_script
20:56:11 Attempt to override final function - rscdisplayloading_script
20:56:11 Attempt to override final function - rscdisplayloading_script
20:56:11 Attempt to override final function - rscdiary_script
20:56:11 Attempt to override final function - rscdisplaysinglemission_script
20:56:11 Attempt to override final function - rscdiary_script
20:56:11 Attempt to override final function - rscdisplayremotemissions_script
20:56:11 Attempt to override final function - rscdisplayloading_script
20:56:11 Attempt to override final function - rscdiary_script
20:56:11 Attempt to override final function - rscdiary_script
20:56:11 Attempt to override final function - rscdisplaystrategicmap_script
20:56:11 Attempt to override final function - rscdisplaycommon_script
20:56:11 Attempt to override final function - rscdisplaygarage_script
20:56:11 Attempt to override final function - rscdisplayloading_script
20:56:12 Attempt to override final function - rscdisplaycurator_script
20:56:12 Attempt to override final function - rscdisplayattributes_script
20:56:12 Attempt to override final function - rscdisplayattributes_script
20:56:12 Attempt to override final function - rscdisplayattributes_script
20:56:12 Attempt to override final function - display3deneditattributes_script
20:56:12 Attempt to override final function - display3deneditattributes_script
20:56:12 Attempt to override final function - rscdisplayhostsettings_script
20:56:12 Attempt to override final function - rscdisplaycommon_script
20:56:12 Attempt to override final function - rscdisplaydebriefing_script
20:56:12 Attempt to override final function - rscunitinfo_script
20:56:12 Attempt to override final function - rscunitinfo_script
20:56:12 Attempt to override final function - rscunitinfo_script
20:56:12 Attempt to override final function - rscunitinfo_script
20:56:12 Attempt to override final function - rscunitinfo_script
20:56:12 Attempt to override final function - rscunitinfo_script
20:56:12 Attempt to override final function - rscunitinfo_script
20:56:12 Attempt to override final function - rscunitinfo_script
20:56:12 Attempt to override final function - rscunitinfo_script
20:56:12 Attempt to override final function - rscunitinfo_script
20:56:12 Attempt to override final function - rscunitinfo_script
20:56:12 Attempt to override final function - rscunitinfo_script
20:56:12 Attempt to override final function - rscunitinfo_script
20:56:12 Attempt to override final function - rscunitinfo_script
20:56:12 Attempt to override final function - rscunitinfo_script
20:56:12 Attempt to override final function - rscunitinfo_script
20:56:12 Attempt to override final function - rscunitinfo_script
20:56:12 Attempt to override final function - rscunitinfo_script
20:56:12 Attempt to override final function - rscunitinfo_script
20:56:12 Attempt to override final function - rscunitinfo_script
20:56:12 Attempt to override final function - rscunitinfo_script
20:56:12 Attempt to override final function - rscunitinfo_script
20:56:12 Attempt to override final function - rscunitinfo_script
20:56:12 Attempt to override final function - rscunitinfo_script
20:56:12 Attempt to override final function - rscunitinfo_script
20:56:12 Attempt to override final function - rscunitinfo_script
20:56:12 Attempt to override final function - rscunitinfo_script
20:56:12 Attempt to override final function - rscunitinfo_script
20:56:12 Attempt to override final function - rscunitinfo_script
20:56:12 Attempt to override final function - rscunitinfo_script
20:56:12 Attempt to override final function - rscunitinfo_script
20:56:12 Attempt to override final function - rscunitinfo_script
20:56:12 Attempt to override final function - rscunitinfo_script
20:56:12 Attempt to override final function - rscunitinfo_script
20:56:12 Attempt to override final function - rscunitinfo_script
20:56:12 Attempt to override final function - rscunitinfo_script
20:56:12 Attempt to override final function - rscunitinfo_script
20:56:12 Attempt to override final function - rscunitinfo_script
20:56:12 Attempt to override final function - rscunitinfo_script
20:56:12 Attempt to override final function - rscunitinfo_script
20:56:12 Attempt to override final function - rscunitinfo_script
20:56:12 Attempt to override final function - rscunitinfo_script
20:56:12 Attempt to override final function - rscunitinfo_script
20:56:12 Attempt to override final function - rscunitinfo_script
20:56:12 Attempt to override final function - rscunitinfo_script
20:56:12 Attempt to override final function - rscunitinfo_script
20:56:12 Attempt to override final function - rscunitinfo_script
20:56:12 Attempt to override final function - rscunitinfo_script
20:56:12 Attempt to override final function - rscunitinfo_script
20:56:12 Attempt to override final function - rscunitinfo_script
20:56:12 Attempt to override final function - rscunitinfo_script
20:56:12 Attempt to override final function - rscunitinfo_script
20:56:12 Attempt to override final function - rscunitinfo_script
20:56:12 Attempt to override final function - rscunitinfo_script
20:56:12 Attempt to override final function - rscunitinfo_script
20:56:12 Attempt to override final function - rscunitinfo_script
20:56:12 Attempt to override final function - rscunitinfo_script
20:56:12 Attempt to override final function - rscunitinfo_script
20:56:12 Attempt to override final function - rscunitinfo_script
20:56:12 Attempt to override final function - rscunitinfo_script
20:56:12 Attempt to override final function - rscunitinfo_script
20:56:12 Attempt to override final function - rscunitinfo_script
20:56:12 Attempt to override final function - rscunitinfo_script
20:56:12 Attempt to override final function - rscunitinfo_script
20:56:12 Attempt to override final function - rscunitinfo_script
20:56:12 Attempt to override final function - rscunitinfo_script
20:56:12 Attempt to override final function - rscunitinfo_script
20:56:12 Attempt to override final function - rscunitinfo_script
20:56:12 Attempt to override final function - rscunitinfo_script
20:56:12 Attempt to override final function - slidertime_script
20:56:12 Attempt to override final function - slidertime_script
20:56:12 Attempt to override final function - slidertime_script
20:56:12 [0,20.179,0,"XEH: PreStart started."]
20:56:12 [0,20.218,0,"XEH: PreStart finished."]
20:56:12 [XEH]: CUP_F35B_base does not support Extended Eventhandlers! Addon: @CUP Vehicles
20:56:12 [XEH]: Jonzie_Public_truck_base does not support Extended Eventhandlers! Addon: @Jonzie Mega Mod Pack
20:56:12 [XEH]: Jonzie_Public_Prime_Mover does not support Extended Eventhandlers! Addon: @Jonzie Mega Mod Pack
20:56:12 [XEH]: Jonzie_Public_Trailer_Base does not support Extended Eventhandlers! Addon: @Jonzie Mega Mod Pack
20:56:12 [XEH]: Jonzie_Dolly does not support Extended Eventhandlers! Addon: @Jonzie Mega Mod Pack
20:56:12 [XEH]: Jonzie_Tow_Truck does not support Extended Eventhandlers! Addon: @Jonzie Mega Mod Pack
20:56:12 [XEH]: Jonzie_Flat_Bed does not support Extended Eventhandlers! Addon: @Jonzie Mega Mod Pack
20:56:12 [XEH]: Jonzie_Log_Truck does not support Extended Eventhandlers! Addon: @Jonzie Mega Mod Pack
20:56:12 [XEH]: Jonzie_Box_Truck does not support Extended Eventhandlers! Addon: @Jonzie Mega Mod Pack
20:56:12 [XEH]: Jonzie_Curtain does not support Extended Eventhandlers! Addon: @Jonzie Mega Mod Pack
20:56:12 [XEH]: CUP_VABox does not support Extended Eventhandlers! Addon: @CUP Weapons
20:56:13 String STR_DN_BTR90 not found
20:56:13 String STR_DN_BTR90 not found
20:56:13 VoteThreshold must be in 0..1 range. Defaulting to 0.5
Initializing Steam server - Game Port: 2302, Steam Query Port: 2303
Version: 2
GlobalFlags: 0
DLCFlags: 7
DLCHashes:
1636478954
-1247962422
1197120697
Mods(9):
Hash: -1427984021
PublishedId: 0
Name: @life_server
Hash: 0
PublishedId: 0
Name: @extDB
Hash: 172018658
PublishedId: 497660133
Name: CUP Weapons 1.5
Hash: 1041102097
PublishedId: 541888371
Name: CUP Vehicles - 1.2
Hash: 1945656989
PublishedId: 497661914
Name: CUP Units 1.2.2
Hash: 1115217045
PublishedId: 626264195
Name: @NSS Admin Console
Hash: 714240108
PublishedId: 561566896
Name: Jonzie Vehicles
Hash: -1957141357
PublishedId: 0
Name: @infiSTAR_A3
Hash: -1156253712
PublishedId: 450814997
Name: Community Base Addons v2.3.1
Difficulty: 0
AILevel: 0
FlightModel: 0
ThirdPersonCamera: 0
WeaponCrosshair: 0
Signatures:
encodedStream length: 255
encodedStream: ÍØäa öùµπúZG	k±‚™@life_server@extDB‚À@
Â∞©CUP Weapons 1.5ı>sèL CUP Vehicles - 1.2ù^¯s⁄∑©CUP Units 1.2.2ï‹xBÉT%@NSS Admin Consolelpí*∞‘x!Jonzie VehiclesìdXã@infiSTAR_A3˜ª‰ﬁCommunity Base Addons v2.3.1
parts size:3)
part(127): ÍØäa öùµπúZG	k±‚™@life_server@extDB‚À@
Â∞©CUP Weapons 1.5ı>sèL CUP Vehicles - 1.2ù^¯s⁄∑©C
part(127): UP Units 1.2.2ï‹xBÉT%@NSS Admin Consolelpí*∞‘x!Jonzie VehiclesìdXã@infiSTAR_A3˜ª‰ﬁCommunity Base Addons v2.3.1
part(1): 
Connected to Steam servers
Unsupported language English in stringtable
Unsupported language English in stringtable
Mission Altis_Life.Altis: Number of roles (99) is different from 'description.ext::Header::maxPlayer' (75)
Server error: Player without identity [TSP] Snackbar (id 273726697)
Server error: Player without identity [TSP] Snackbar (id 273726697)
Server error: Player without identity [TSP] Snackbar (id 273726697)
Server error: Player without identity [TSP] Snackbar (id 273726697)
Server error: Player without identity [TSP] Snackbar (id 273726697)
Server error: Player without identity [TSP] Snackbar (id 273726697)
Server error: Player without identity [TSP] Snackbar (id 273726697)
Server error: Player without identity [TSP] Snackbar (id 273726697)
Server error: Player without identity [TSP] Snackbar (id 273726697)
Server error: Player without identity [TSP] Snackbar (id 273726697)
Server error: Player without identity [TSP] Snackbar (id 273726697)
Server error: Player without identity [TSP] Snackbar (id 273726697)
Server error: Player without identity [TSP] Snackbar (id 273726697)
Server error: Player without identity [TSP] Snackbar (id 273726697)
Server error: Player without identity [TSP] Snackbar (id 273726697)
Server error: Player without identity [TSP] Snackbar (id 273726697)
Server error: Player without identity [TSP] Snackbar (id 273726697)
Server error: Player without identity [TSP] Snackbar (id 273726697)
Server error: Player without identity [TSP] Snackbar (id 273726697)
Server error: Player without identity [TSP] Snackbar (id 273726697)
Server error: Player without identity [TSP] Snackbar (id 273726697)
Server error: Player without identity [TSP] Snackbar (id 273726697)
Server error: Player without identity [TSP] Snackbar (id 273726697)
Starting mission:
 Mission file: Altis_Life (__cur_mp)
 Mission world: Altis
 Mission directory: mpmissions\__cur_mp.Altis\
Attempt to override final function - bis_functions_list
Attempt to override final function - bis_functions_listpreinit
Attempt to override final function - bis_functions_listpostinit
Attempt to override final function - bis_functions_listrecompile
Attempt to override final function - bis_fnc_missiontaskslocal
Attempt to override final function - bis_fnc_missionconversationslocal
Attempt to override final function - bis_fnc_missionflow
Attempt to override final function - cup_fnc_initship
Attempt to override final function - cup_fnc_detachfromship
Attempt to override final function - cup_fnc_createvehiclecargo
Attempt to override final function - cup_fnc_spawnvehiclecargo
Attempt to override final function - cup_fnc_virtualvehiclecargo
Attempt to override final function - cup_fnc_vehiclesafepos
Attempt to override final function - cup_fnc_moveincargo
Attempt to override final function - cup_fnc_landatship
Attempt to override final function - cup_fnc_spawnweapons
Attempt to override final function - cup_fnc_spawnlights
Attempt to override final function - cup_fnc_callelevatorlhd
"<infiSTAR.de> 0 - run.sqf - finaled EPOCH_server_isPAdmin: {true}"
"<infiSTAR.de> 0 - run.sqf - including AntiHack"
"<infiSTAR.de> VERSION: 05-Mar-2016 08-57-34 infiSTAR.de AHAT (v0231B)"
"<infiSTAR.de> 0 - STARTING"
Attempt to override final function - bis_fnc_call
Attempt to override final function - bis_fnc_spawn
Attempt to override final function - bis_fnc_parsenumber
"<infiSTAR.de> 0 - TESTING IF serverCommandPassword IS SET PROPERLY"
"<infiSTAR.de> 0 - serverCommandPassword IS FINE"
"<infiSTAR.de> _fnc_RandomGen: {  _fnc_actualGen = {   _abc = ['z','y','x','w','v','u','t','s','r','q','p','o','n','m','l','k','j','i','h','g','f','e','d','c','b','a'];   _gen = _abc select (random ((count _abc)-1));   _arr = ['T','7','t','r','A','p','I','r','b','9','D','w','f','Y','C','a','b','N','G','h','3','0','p','Q','B','y','G','o','4','M'];   _randmax = {((round(random _randminval)) + (round(random _randmaxval))) max _randminval};   for '_i' from 0 to (call _randmax)do   {    _gen = _gen + str(round(random 9)) + (_arr select (random ((count _arr)-1)));   };  };  _gen = '';  while{_gen=='' || _gen in _allRandomGenVars}do{   call _fnc_actualGen;  };  _allRandomGenVars pushBack _gen;  _gen }"
Unable to get file version size: .\ARMA_LOG.dll
"<infiSTAR.de>RandomVarLog| ----START-LINE----   (05-Mar-2016 08-57-34 - v0231B) (v0231B)"
"<infiSTAR.de>RandomVarLog| _adminbox: o608p6Q5b5a4Q1a1N3D (v0231B)"
"<infiSTAR.de>RandomVarLog| _fnc_mpPackets: o2r1N4I1b6Y00193p7f4r1D3A8Q (v0231B)"
"<infiSTAR.de>RandomVarLog| _FNC_AH2557_KICKLOG: q9f6B7r8a0G5I0C6M (v0231B)"
"<infiSTAR.de>RandomVarLog| _FNC_AH2557_KICKLOGSPAWN: d7G107o2r4r6D6N5p2p8p94 (v0231B)"
"<infiSTAR.de>RandomVarLog| _FNC_PVAH_AdminReq: n6T5D3C2G0N1y443G (v0231B)"
"<infiSTAR.de>RandomVarLog| _BigTokenArray: s7r3b4t3a0B3G6o9Q8f5077 (v0231B)"
"<infiSTAR.de>RandomVarLog| _connectedArray: v4r8N2y89246p442b5p7h (v0231B)"
"<infiSTAR.de>RandomVarLog| _tokenSentArray: c2B347p3b2t4G6p7t334p1o3M5Q3t1A6r79906b (v0231B)"
"<infiSTAR.de>RandomVarLog| _server_setTokenR: j7G1b9C201D6f574a4w895p (v0231B)"
"<infiSTAR.de>RandomVarLog| _fnc_pvc_token: t4f8t6r9p6G3Q2G1r7t6G6p1w8w (v0231B)"
"<infiSTAR.de>RandomVarLog| _server_checkTokenR: y899r3o5r6B2b1w4w (v0231B)"
"<infiSTAR.de>RandomVarLog| _YourPlayerToken: b5G6r1M6p3w3h5h3f0p901Q (v0231B)"
"<infiSTAR.de>RandomVarLog| _TokenCT: v3Y8C377B5G7I6w50405I1p3Q796I0r7p5N (v0231B)"
"<infiSTAR.de>RandomVarLog| _AH_MAIN_BLOCK: y1w6G1p8C3p8B8C1r (v0231B)"
"<infiSTAR.de>RandomVarLog| _AHKickOFF: w331a1N0Q1r804Y8b247I2w6t (v0231B)"
"<infiSTAR.de>RandomVarLog| _AH2557KICKLOG: l50833G1r2r4b7B243I835r4b373p1w177I (v0231B)"
"<infiSTAR.de>RandomVarLog| _FiredCheck: m3A1f1f3B2b4G5I4f (v0231B)"
"<infiSTAR.de>RandomVarLog| _clientdo: l5b6G5h4p270T7t39 (v0231B)"
"<infiSTAR.de>RandomVarLog| _AH_RunCheckENDVAR: n4I5p6N6T3Y441r446f6T6D9a643G10490p8G8b (v0231B)"
"<infiSTAR.de>RandomVarLog| _AH_HackLogArrayRND: g4w2b4I3C3r2M6o8h2t2Y6A7G94397Y6G0G3C2h0o (v0231B)"
"<infiSTAR.de>RandomVarLog| _AH_SurvLogArrayRND: i34131f8r8o8C1G2b (v0231B)"
"<infiSTAR.de>RandomVarLog| _AH_AdmiLogArrayRND: a8G2I5B8o9Y2p4T9p5a7I6p (v0231B)"
"<infiSTAR.de>RandomVarLog| _TMPBAN: x5p8w3b7w2N7y094o (v0231B)"
"<infiSTAR.de>RandomVarLog| _massMessage: o1a5N97373Q9r6I0p (v0231B)"
"<infiSTAR.de>RandomVarLog| _massSysMessage: g5T7a8r1I8N2p9p0N (v0231B)"
"<infiSTAR.de>RandomVarLog| _AHpos: r6r8a3M4G3C0p9D4C8h2h474b3f5t2t9a (v0231B)"
"<infiSTAR.de>RandomVarLog| _ninetwo: c79344a4o0y6t5T9C7r9Q8t6I6b (v0231B)"
"<infiSTAR.de>RandomVarLog| _ninetwothread: z7b8p7C5G5N7I3f3r1f5y248I1p4f8G5b7y6t (v0231B)"
"<infiSTAR.de>RandomVarLog| _adminsA: c3t7T0r6w3G3b0T5h64 (v0231B)"
"<infiSTAR.de>RandomVarLog| _MC: u4G7p5o0p9y8A3f6h (v0231B)"
"<infiSTAR.de>RandomVarLog| _MCS: w3o6p604T4N47438w4G2b (v0231B)"
"<infiSTAR.de>RandomVarLog| _oneachframe: j4G0p7y3T8r8w807b635Y8p2a (v0231B)"
"<infiSTAR.de>RandomVarLog| _checkidicheckcheck: d6t1p9f2h7p7B3B0p7o5a1r5p0b6a8D57 (v0231B)"
"<infiSTAR.de>RandomVarLog| _lastshotmade: r293y2o6G738Q6t3M5w091p8B3b7r8G3I1t6920 (v0231B)"
"<infiSTAR.de>RandomVarLog| _dellocveh: o2I4I2B43199B7G8N2T (v0231B)"
"<infiSTAR.de>RandomVarLog| _inCombatTime: d6f3o3p8r2y8p2o5y4G4o2b2T7Q076G67 (v0231B)"
"<infiSTAR.de>RandomVarLog| _inCombatArray: e8Y142o3M372N3h7B0G2o2o631D0A8b8G0y4G2G1t4Y2N (v0231B)"
"<infiSTAR.de>RandomVarLog| _fnc_infiKeyHandler: i6h3B1N196B3A4p7a4p3o5f7D7b30 (v0231B)"
"<infiSTAR.de>RandomVarLog| _ButtonDownCnt: k7T2o4Y437t8y1y839f (v0231B)"
"<infiSTAR.de>RandomVarLog| _ButtonDownTime: k5B4f7o3G24090w8t3w242r932r0a7f (v0231B)"
"<infiSTAR.de>RandomVarLog| _clickOnMapTimer: v1D2T1G6a6G6B1b5Q107a8N7M0h1p2p7b5A1b696D (v0231B)"
"<infiSTAR.de>RandomVarLog| _clickOnMapCaught: j8N0Q20543p442G8M6I4h6Y7y6b (v0231B)"
"<infiSTAR.de>RandomVarLog| _MAKE_VAR_DUMP_RANDOM: h6h4w0D6G3a596T13 (v0231B)"
"<infiSTAR.de>RandomVarLog| _MAKE_VAR_DUMP_CLIENT: g0y7a3C7y1M2C5p4h (v0231B)"
"<infiSTAR.de>RandomVarLog| _DUMPINGPLAYERUIDARRAY: a8f5C9M9B8C3w5D8t (v0231B)"
"<infiSTAR.de>RandomVarLog| _CURRENTLYDUMPING: i6y0b5N4A5Q2b5D2p8w2A1y5I (v0231B)"
"<infiSTAR.de>RandomVarLog| _customcommandingMenu: c1B4G0G1b9w4Q4Y4Q (v0231B)"
"<infiSTAR.de>RandomVarLog| _customcommandingMenuOpen: p1A5p6w002Y7Y4G5r1B9r1o3b4G0b4B145a494t (v0231B)"
"<infiSTAR.de>RandomVarLog| _LogicVariable: n8G6y8C7p2a5A1Q5N8C4r345y (v0231B)"
"<infiSTAR.de>RandomVarLog| _antiantihack_rndvar: o4y2Y3D7A3D703Q2N208729 (v0231B)"
"<infiSTAR.de>RandomVarLog| _AH2557_KICKLOG: PVAHR_2r5h2o2v7w5b (v0231B)"
"<infiSTAR.de>RandomVarLog| _RequestToken: PVAHR_6z1m8v4b5p6n (v0231B)"
"<infiSTAR.de>RandomVarLog| ----END-LINE----   (05-Mar-2016 08-57-34 - v0231B) (v0231B)"
"<infiSTAR.de> 0 - loading AntiHack.."
"<infiSTAR.de> 0 - Thread MAIN: starting!"
"<infiSTAR.de> 0 - Thread MAIN: loading...!"
"<infiSTAR.de> 0 - Thread MAIN: compiling and/or sending none-threaded code!"
"<infiSTAR.de> 0 - Thread MAIN: none-threaded code compiled and/or sent!"
"<infiSTAR.de> 0 - AntiHack loaded!"
"<infiSTAR.de> 0 - run.sqf - AntiHack included!"
"<infiSTAR.de> 0 - run.sqf - including AdminTools"
"<infiSTAR.de> 0 - run.sqf - AdminTools included!"
[19509,59.546,0,"XEH: PreInit started. v2.3.1.160220. MISSIONINIT: missionName=Altis_Life, worldName=Altis, isMultiplayer=true, isServer=true, isDedicated=true, hasInterface=false, didJIP=false"]
Wrong init state
[19509,59.9,0,"XEH: PreInit finished."]
Error: Bone cheek_lf doesn't exist in skeleton OFP2_ManSkeleton
Error: Bone nose_tip doesn't exist in skeleton OFP2_ManSkeleton
Error: Bone lip_uplb doesn't exist in skeleton OFP2_ManSkeleton
Error: Bone jaw_ls doesn't exist in skeleton OFP2_ManSkeleton
Error: Bone lip_uplf doesn't exist in skeleton OFP2_ManSkeleton
Error: Bone lip_lc doesn't exist in skeleton OFP2_ManSkeleton
Error: Bone lip_lwlb doesn't exist in skeleton OFP2_ManSkeleton
Error: Bone lip_lwlf doesn't exist in skeleton OFP2_ManSkeleton
Error: Bone jaw_lm doesn't exist in skeleton OFP2_ManSkeleton
Error: Bone zig_lb doesn't exist in skeleton OFP2_ManSkeleton
Error: Bone lip_lwm doesn't exist in skeleton OFP2_ManSkeleton
Error: Bone lip_upm doesn't exist in skeleton OFP2_ManSkeleton
Error: Bone ear_l doesn't exist in skeleton OFP2_ManSkeleton
Error: Bone corr doesn't exist in skeleton OFP2_ManSkeleton
Error: Bone tongue_m doesn't exist in skeleton OFP2_ManSkeleton
Error: Bone tongue_f doesn't exist in skeleton OFP2_ManSkeleton
Error: Bone eyebrow_lb doesn't exist in skeleton OFP2_ManSkeleton
Error: Bone eyebrow_lf doesn't exist in skeleton OFP2_ManSkeleton
Error: Bone eyebrow_lm doesn't exist in skeleton OFP2_ManSkeleton
Error: Bone zig_lm doesn't exist in skeleton OFP2_ManSkeleton
Error: Bone eye_upl doesn't exist in skeleton OFP2_ManSkeleton
Error: Bone eye_lwl doesn't exist in skeleton OFP2_ManSkeleton
Error: Bone cheek_l doesn't exist in skeleton OFP2_ManSkeleton
Error: Bone cheek_lb doesn't exist in skeleton OFP2_ManSkeleton
Error: Bone zig_lt doesn't exist in skeleton OFP2_ManSkeleton
Error: Bone nose_l doesn't exist in skeleton OFP2_ManSkeleton
Error: Bone cheek_lm doesn't exist in skeleton OFP2_ManSkeleton
Error: Bone nose_r doesn't exist in skeleton OFP2_ManSkeleton
Error: Bone forehead_r doesn't exist in skeleton OFP2_ManSkeleton
Error: Bone forehead_m doesn't exist in skeleton OFP2_ManSkeleton
Error: Bone forehead_l doesn't exist in skeleton OFP2_ManSkeleton
Error: Bone cheek_rb doesn't exist in skeleton OFP2_ManSkeleton
Error: Bone eye_lwr doesn't exist in skeleton OFP2_ManSkeleton
Error: Bone cheek_r doesn't exist in skeleton OFP2_ManSkeleton
Error: Bone zig_rt doesn't exist in skeleton OFP2_ManSkeleton
Error: Bone zig_rm doesn't exist in skeleton OFP2_ManSkeleton
Error: Bone cheek_rf doesn't exist in skeleton OFP2_ManSkeleton
Error: Bone cheek_rm doesn't exist in skeleton OFP2_ManSkeleton
Error: Bone eyebrow_rm doesn't exist in skeleton OFP2_ManSkeleton
Error: Bone eyebrow_rf doesn't exist in skeleton OFP2_ManSkeleton
Error: Bone eye_upr doesn't exist in skeleton OFP2_ManSkeleton
Error: Bone eyebrow_rb doesn't exist in skeleton OFP2_ManSkeleton
Error: Bone tongue_b doesn't exist in skeleton OFP2_ManSkeleton
Error: Bone ear_r doesn't exist in skeleton OFP2_ManSkeleton
Error: Bone neck_l doesn't exist in skeleton OFP2_ManSkeleton
Error: Bone lip_uprf doesn't exist in skeleton OFP2_ManSkeleton
Error: Bone neck_r doesn't exist in skeleton OFP2_ManSkeleton
Error: Bone lip_uprb doesn't exist in skeleton OFP2_ManSkeleton
Error: Bone lip_rc doesn't exist in skeleton OFP2_ManSkeleton
Error: Bone lip_lwrb doesn't exist in skeleton OFP2_ManSkeleton
Error: Bone lip_lwrf doesn't exist in skeleton OFP2_ManSkeleton
Error: Bone neck_b doesn't exist in skeleton OFP2_ManSkeleton
Error: Bone zig_rb doesn't exist in skeleton OFP2_ManSkeleton
Error: Bone neck_t doesn't exist in skeleton OFP2_ManSkeleton
Error: Bone jaw_rf doesn't exist in skeleton OFP2_ManSkeleton
Error: Bone jaw_lf doesn't exist in skeleton OFP2_ManSkeleton
Error: Bone chin doesn't exist in skeleton OFP2_ManSkeleton
Error: Bone jaw_rm doesn't exist in skeleton OFP2_ManSkeleton
Error: Bone jaw_rs doesn't exist in skeleton OFP2_ManSkeleton
Error: Bone jaw doesn't exist in skeleton OFP2_ManSkeleton
Error: Bone headcutscene doesn't exist in skeleton OFP2_ManSkeleton
Warning: rightHandIKCurve, wrong size (size<2||size>=4) in CUP\Weapons\CUP_Weapons_WeaponsCore\anim\M249\gesture\m249_reload_crouch.rtm
Warning: rightHandIKCurve, wrong size (size<2||size>=4) in CUP\Weapons\CUP_Weapons_WeaponsCore\anim\M249\gesture\m249_STANAGreload_stand.rtm
Warning: rightHandIKCurve, wrong size (size<2||size>=4) in CUP\Weapons\CUP_Weapons_WeaponsCore\anim\M249\gesture\m249_STANAGreload_prone.rtm
Warning: rightHandIKCurve, wrong size (size<2||size>=4) in CUP\Weapons\CUP_Weapons_WeaponsCore\anim\M249\gesture\m249_STANAGreload_stand.rtm
MovesType CfgGesturesMale load time 215 ms
Animation a3\cargoposes_f_heli\anim\passenger_inside_5aim_obstructed.rtm not found or empty
Animation a3\cargoposes_f_heli\anim\passenger_inside_5aim_fromobstructed.rtm not found or empty
Animation a3\cargoposes_f_heli\anim\passenger_inside_5aim_toobstructed.rtm not found or empty
Animation a3\cargoposes_f_heli\anim\passenger_inside_5aimpistol_obstructed.rtm not found or empty
Animation a3\cargoposes_f_heli\anim\passenger_inside_5aimpistol_fromobstructed.rtm not found or empty
Animation a3\cargoposes_f_heli\anim\passenger_inside_5aimpistol_toobstructed.rtm not found or empty
MovesType CfgMovesMaleSdr load time 8344 ms
No speaker given for Teshi Azikiwe
No speaker given for Katungi Sesse-Seko
No speaker given for Katungi Azikiwe
No speaker given for Gillis Griffiths
No speaker given for Kwame Awolowo
No speaker given for Lin Wu
soldier[B_diver_F]:Some of magazines weren't stored in soldier Vest or Uniform?
No speaker given for Ian Lee
No speaker given for Max Robertson
No speaker given for Jack Jones
No speaker given for Alfie Young
No speaker given for Kofi Ibori
No speaker given for George Bennett
No speaker given for Shawn Martinez
No speaker given for Joseph Smith
No speaker given for Pan Ng
No speaker given for Kong Il
No speaker given for Oliver Taylor
No speaker given for Thomas Morgan
No speaker given for Harry Faulkner
No speaker given for Kuang Lee
No speaker given for Luke Halliwell
No speaker given for Sean Abbey
No speaker given for Conor Stewart
soldier[B_diver_F]:Some of magazines weren't stored in soldier Vest or Uniform?
No speaker given for Tyler Moore
No speaker given for Davu Tinibu
No speaker given for Keith MacDonald
No speaker given for Geoff Faulkner
No speaker given for Toby Lewis
No speaker given for Charlie Wood
No speaker given for Jack Campbell
Strange convex component322 in a3\structures_f\research\dome_big_f.p3d:geometryFire
Strange convex component327 in a3\structures_f\research\dome_big_f.p3d:geometryFire
"<infiSTAR.de> 0 - Thread #1: Server Loop #1 starting now!"
"<infiSTAR.de> 0 - Thread #1: Server Loop #1 looping now!"
[19527,71.336,0,"XEH: PostInit started."]
[19527,71.343,0,"CBA_VERSIONING: cba=2.3.1.160220, "]
[19527,71.346,0,"XEH: PostInit finished."]
Error: Object(2 : 96) not found
c:\w\stable\futura\lib\network\networkserver.cpp NetworkServer::OnClientStateChanged:NOT IMPLEMENTED - briefing!
"extDB2: Version: "
"extDB2: Failed to Load"
